Archive member included to satisfy reference by file (symbol)

c:/ac6/systemworkbench/plugins/fr.ac6.mcu.externaltools.arm-none.win32_1.17.0.201812190825/tools/compiler/bin/../lib/gcc/arm-none-eabi/7.3.1/../../../../arm-none-eabi/lib/thumb/v7-m\libc_nano.a(lib_a-exit.o)
                              c:/ac6/systemworkbench/plugins/fr.ac6.mcu.externaltools.arm-none.win32_1.17.0.201812190825/tools/compiler/bin/../lib/gcc/arm-none-eabi/7.3.1/../../../../arm-none-eabi/lib/thumb/v7-m/crt0.o (exit)
c:/ac6/systemworkbench/plugins/fr.ac6.mcu.externaltools.arm-none.win32_1.17.0.201812190825/tools/compiler/bin/../lib/gcc/arm-none-eabi/7.3.1/../../../../arm-none-eabi/lib/thumb/v7-m\libc_nano.a(lib_a-impure.o)
                              c:/ac6/systemworkbench/plugins/fr.ac6.mcu.externaltools.arm-none.win32_1.17.0.201812190825/tools/compiler/bin/../lib/gcc/arm-none-eabi/7.3.1/../../../../arm-none-eabi/lib/thumb/v7-m\libc_nano.a(lib_a-exit.o) (_global_impure_ptr)
c:/ac6/systemworkbench/plugins/fr.ac6.mcu.externaltools.arm-none.win32_1.17.0.201812190825/tools/compiler/bin/../lib/gcc/arm-none-eabi/7.3.1/../../../../arm-none-eabi/lib/thumb/v7-m\libc_nano.a(lib_a-init.o)
                              c:/ac6/systemworkbench/plugins/fr.ac6.mcu.externaltools.arm-none.win32_1.17.0.201812190825/tools/compiler/bin/../lib/gcc/arm-none-eabi/7.3.1/../../../../arm-none-eabi/lib/thumb/v7-m/crt0.o (__libc_init_array)
c:/ac6/systemworkbench/plugins/fr.ac6.mcu.externaltools.arm-none.win32_1.17.0.201812190825/tools/compiler/bin/../lib/gcc/arm-none-eabi/7.3.1/../../../../arm-none-eabi/lib/thumb/v7-m\libc_nano.a(lib_a-memset.o)
                              c:/ac6/systemworkbench/plugins/fr.ac6.mcu.externaltools.arm-none.win32_1.17.0.201812190825/tools/compiler/bin/../lib/gcc/arm-none-eabi/7.3.1/../../../../arm-none-eabi/lib/thumb/v7-m/crt0.o (memset)
c:/ac6/systemworkbench/plugins/fr.ac6.mcu.externaltools.arm-none.win32_1.17.0.201812190825/tools/compiler/bin/../lib/gcc/arm-none-eabi/7.3.1/../../../../arm-none-eabi/lib/thumb/v7-m\libnosys.a(_exit.o)
                              c:/ac6/systemworkbench/plugins/fr.ac6.mcu.externaltools.arm-none.win32_1.17.0.201812190825/tools/compiler/bin/../lib/gcc/arm-none-eabi/7.3.1/../../../../arm-none-eabi/lib/thumb/v7-m\libc_nano.a(lib_a-exit.o) (_exit)

Allocating common symbols
Common symbol       size              file

hUsbDeviceFS        0x224             Src/usb_device.o
one_byte_buf        0x1               Src/main.o
uwTick              0x4               Drivers/STM32F1xx_HAL_Driver/Src/stm32f1xx_hal.o
pFlash              0x20              Drivers/STM32F1xx_HAL_Driver/Src/stm32f1xx_hal_flash.o
UserRxBufferFS      0x3e8             Src/usbd_cdc_if.o
UserTxBufferFS      0x3e8             Src/usbd_cdc_if.o
hspi1               0x58              Src/main.o
htim2               0x40              Src/main.o
send_buf            0x64              Src/main.o
hpcd_USB_FS         0x460             Src/usbd_conf.o
USBD_StrDesc        0x200             Src/usbd_desc.o

Discarded input sections

 .text          0x00000000        0x0 c:/ac6/systemworkbench/plugins/fr.ac6.mcu.externaltools.arm-none.win32_1.17.0.201812190825/tools/compiler/bin/../lib/gcc/arm-none-eabi/7.3.1/thumb/v7-m/crti.o
 .data          0x00000000        0x0 c:/ac6/systemworkbench/plugins/fr.ac6.mcu.externaltools.arm-none.win32_1.17.0.201812190825/tools/compiler/bin/../lib/gcc/arm-none-eabi/7.3.1/thumb/v7-m/crti.o
 .bss           0x00000000        0x0 c:/ac6/systemworkbench/plugins/fr.ac6.mcu.externaltools.arm-none.win32_1.17.0.201812190825/tools/compiler/bin/../lib/gcc/arm-none-eabi/7.3.1/thumb/v7-m/crti.o
 .data          0x00000000        0x4 c:/ac6/systemworkbench/plugins/fr.ac6.mcu.externaltools.arm-none.win32_1.17.0.201812190825/tools/compiler/bin/../lib/gcc/arm-none-eabi/7.3.1/thumb/v7-m/crtbegin.o
 .text          0x00000000       0x74 c:/ac6/systemworkbench/plugins/fr.ac6.mcu.externaltools.arm-none.win32_1.17.0.201812190825/tools/compiler/bin/../lib/gcc/arm-none-eabi/7.3.1/../../../../arm-none-eabi/lib/thumb/v7-m/crt0.o
 .data          0x00000000        0x0 c:/ac6/systemworkbench/plugins/fr.ac6.mcu.externaltools.arm-none.win32_1.17.0.201812190825/tools/compiler/bin/../lib/gcc/arm-none-eabi/7.3.1/../../../../arm-none-eabi/lib/thumb/v7-m/crt0.o
 .bss           0x00000000        0x0 c:/ac6/systemworkbench/plugins/fr.ac6.mcu.externaltools.arm-none.win32_1.17.0.201812190825/tools/compiler/bin/../lib/gcc/arm-none-eabi/7.3.1/../../../../arm-none-eabi/lib/thumb/v7-m/crt0.o
 .ARM.extab     0x00000000        0x0 c:/ac6/systemworkbench/plugins/fr.ac6.mcu.externaltools.arm-none.win32_1.17.0.201812190825/tools/compiler/bin/../lib/gcc/arm-none-eabi/7.3.1/../../../../arm-none-eabi/lib/thumb/v7-m/crt0.o
 .ARM.exidx     0x00000000        0x8 c:/ac6/systemworkbench/plugins/fr.ac6.mcu.externaltools.arm-none.win32_1.17.0.201812190825/tools/compiler/bin/../lib/gcc/arm-none-eabi/7.3.1/../../../../arm-none-eabi/lib/thumb/v7-m/crt0.o
 .ARM.attributes
[...]
Memory Configuration

Name             Origin             Length             Attributes
RAM              0x20000000         0x00005000         xrw
FLASH            0x08000000         0x00010000         xr
*default*        0x00000000         0xffffffff

Linker script and memory map

LOAD c:/ac6/systemworkbench/plugins/fr.ac6.mcu.externaltools.arm-none.win32_1.17.0.201812190825/tools/compiler/bin/../lib/gcc/arm-none-eabi/7.3.1/thumb/v7-m/crti.o
LOAD c:/ac6/systemworkbench/plugins/fr.ac6.mcu.externaltools.arm-none.win32_1.17.0.201812190825/tools/compiler/bin/../lib/gcc/arm-none-eabi/7.3.1/thumb/v7-m/crtbegin.o
LOAD c:/ac6/systemworkbench/plugins/fr.ac6.mcu.externaltools.arm-none.win32_1.17.0.201812190825/tools/compiler/bin/../lib/gcc/arm-none-eabi/7.3.1/../../../../arm-none-eabi/lib/thumb/v7-m/crt0.o
LOAD Drivers/STM32F1xx_HAL_Driver/Src/stm32f1xx_hal.o
LOAD Drivers/STM32F1xx_HAL_Driver/Src/stm32f1xx_hal_cortex.o
LOAD Drivers/STM32F1xx_HAL_Driver/Src/stm32f1xx_hal_dma.o
LOAD Drivers/STM32F1xx_HAL_Driver/Src/stm32f1xx_hal_flash.o
LOAD Drivers/STM32F1xx_HAL_Driver/Src/stm32f1xx_hal_flash_ex.o
LOAD Drivers/STM32F1xx_HAL_Driver/Src/stm32f1xx_hal_gpio.o
LOAD Drivers/STM32F1xx_HAL_Driver/Src/stm32f1xx_hal_gpio_ex.o
LOAD Drivers/STM32F1xx_HAL_Driver/Src/stm32f1xx_hal_pcd.o
LOAD Drivers/STM32F1xx_HAL_Driver/Src/stm32f1xx_hal_pcd_ex.o
LOAD Drivers/STM32F1xx_HAL_Driver/Src/stm32f1xx_hal_pwr.o
LOAD Drivers/STM32F1xx_HAL_Driver/Src/stm32f1xx_hal_rcc.o
LOAD Drivers/STM32F1xx_HAL_Driver/Src/stm32f1xx_hal_rcc_ex.o
LOAD Drivers/STM32F1xx_HAL_Driver/Src/stm32f1xx_hal_spi.o
LOAD Drivers/STM32F1xx_HAL_Driver/Src/stm32f1xx_hal_spi_ex.o
LOAD Drivers/STM32F1xx_HAL_Driver/Src/stm32f1xx_hal_tim.o
LOAD Drivers/STM32F1xx_HAL_Driver/Src/stm32f1xx_hal_tim_ex.o
LOAD Drivers/STM32F1xx_HAL_Driver/Src/stm32f1xx_ll_usb.o
LOAD Middlewares/ST/STM32_USB_Device_Library/Class/CDC/Src/usbd_cdc.o
LOAD Middlewares/ST/STM32_USB_Device_Library/Core/Src/usbd_core.o
LOAD Middlewares/ST/STM32_USB_Device_Library/Core/Src/usbd_ctlreq.o
LOAD Middlewares/ST/STM32_USB_Device_Library/Core/Src/usbd_ioreq.o
LOAD Src/main.o
LOAD Src/stm32f1xx_hal_msp.o
LOAD Src/stm32f1xx_it.o
LOAD Src/system_stm32f1xx.o
LOAD Src/usb_device.o
LOAD Src/usbd_cdc_if.o
LOAD Src/usbd_conf.o
LOAD Src/usbd_desc.o
LOAD startup/startup_stm32f103xb.o
LOAD c:/ac6/systemworkbench/plugins/fr.ac6.mcu.externaltools.arm-none.win32_1.17.0.201812190825/tools/compiler/bin/../lib/gcc/arm-none-eabi/7.3.1/../../../../arm-none-eabi/lib/thumb/v7-m\libm.a
START GROUP
LOAD c:/ac6/systemworkbench/plugins/fr.ac6.mcu.externaltools.arm-none.win32_1.17.0.201812190825/tools/compiler/bin/../lib/gcc/arm-none-eabi/7.3.1/thumb/v7-m\libgcc.a
LOAD c:/ac6/systemworkbench/plugins/fr.ac6.mcu.externaltools.arm-none.win32_1.17.0.201812190825/tools/compiler/bin/../lib/gcc/arm-none-eabi/7.3.1/../../../../arm-none-eabi/lib/thumb/v7-m\libc_nano.a
END GROUP
START GROUP
LOAD c:/ac6/systemworkbench/plugins/fr.ac6.mcu.externaltools.arm-none.win32_1.17.0.201812190825/tools/compiler/bin/../lib/gcc/arm-none-eabi/7.3.1/thumb/v7-m\libgcc.a
LOAD c:/ac6/systemworkbench/plugins/fr.ac6.mcu.externaltools.arm-none.win32_1.17.0.201812190825/tools/compiler/bin/../lib/gcc/arm-none-eabi/7.3.1/../../../../arm-none-eabi/lib/thumb/v7-m\libc_nano.a
LOAD c:/ac6/systemworkbench/plugins/fr.ac6.mcu.externaltools.arm-none.win32_1.17.0.201812190825/tools/compiler/bin/../lib/gcc/arm-none-eabi/7.3.1/../../../../arm-none-eabi/lib/thumb/v7-m\libnosys.a
END GROUP
START GROUP
LOAD c:/ac6/systemworkbench/plugins/fr.ac6.mcu.externaltools.arm-none.win32_1.17.0.201812190825/tools/compiler/bin/../lib/gcc/arm-none-eabi/7.3.1/thumb/v7-m\libgcc.a
LOAD c:/ac6/systemworkbench/plugins/fr.ac6.mcu.externaltools.arm-none.win32_1.17.0.201812190825/tools/compiler/bin/../lib/gcc/arm-none-eabi/7.3.1/../../../../arm-none-eabi/lib/thumb/v7-m\libc_nano.a
LOAD c:/ac6/systemworkbench/plugins/fr.ac6.mcu.externaltools.arm-none.win32_1.17.0.201812190825/tools/compiler/bin/../lib/gcc/arm-none-eabi/7.3.1/../../../../arm-none-eabi/lib/thumb/v7-m\libnosys.a
END GROUP
LOAD c:/ac6/systemworkbench/plugins/fr.ac6.mcu.externaltools.arm-none.win32_1.17.0.201812190825/tools/compiler/bin/../lib/gcc/arm-none-eabi/7.3.1/thumb/v7-m/crtend.o
LOAD c:/ac6/systemworkbench/plugins/fr.ac6.mcu.externaltools.arm-none.win32_1.17.0.201812190825/tools/compiler/bin/../lib/gcc/arm-none-eabi/7.3.1/thumb/v7-m/crtn.o
                0x20005000                _estack = 0x20005000
                0x00000200                _Min_Heap_Size = 0x200
                0x00000400                _Min_Stack_Size = 0x400

.isr_vector     0x08000000      0x10c
                0x08000000                . = ALIGN (0x4)
 *(.isr_vector)
 .isr_vector    0x08000000      0x10c startup/startup_stm32f103xb.o
                0x08000000                g_pfnVectors
                0x0800010c                . = ALIGN (0x4)

.text           0x0800010c     0x3a2c
                0x0800010c                . = ALIGN (0x4)
 *(.text)
 .text          0x0800010c       0x40 c:/ac6/systemworkbench/plugins/fr.ac6.mcu.externaltools.arm-none.win32_1.17.0.201812190825/tools/compiler/bin/../lib/gcc/arm-none-eabi/7.3.1/thumb/v7-m/crtbegin.o
 *(.text*)
 .text.HAL_InitTick
                0x0800014c       0x48 Drivers/STM32F1xx_HAL_Driver/Src/stm32f1xx_hal.o
                0x0800014c                HAL_InitTick
 .text.HAL_Init
                0x08000194       0x24 Drivers/STM32F1xx_HAL_Driver/Src/stm32f1xx_hal.o
                0x08000194                HAL_Init
 .text.HAL_IncTick
                0x080001b8       0x18 Drivers/STM32F1xx_HAL_Driver/Src/stm32f1xx_hal.o
                0x080001b8                HAL_IncTick
 .text.HAL_GetTick
                0x080001d0        0xc Drivers/STM32F1xx_HAL_Driver/Src/stm32f1xx_hal.o
                0x080001d0                HAL_GetTick
 .text.HAL_Delay
                0x080001dc       0x28 Drivers/STM32F1xx_HAL_Driver/Src/stm32f1xx_hal.o
                0x080001dc                HAL_Delay
 .text.HAL_NVIC_SetPriorityGrouping
                0x08000204       0x24 Drivers/STM32F1xx_HAL_Driver/Src/stm32f1xx_hal_cortex.o
                0x08000204                HAL_NVIC_SetPriorityGrouping
 .text.HAL_NVIC_SetPriority
                0x08000228       0x68 Drivers/STM32F1xx_HAL_Driver/Src/stm32f1xx_hal_cortex.o
                0x08000228                HAL_NVIC_SetPriority
 .text.HAL_NVIC_EnableIRQ
                0x08000290       0x18 Drivers/STM32F1xx_HAL_Driver/Src/stm32f1xx_hal_cortex.o
                0x08000290                HAL_NVIC_EnableIRQ
 .text.HAL_SYSTICK_Config
                0x080002a8       0x2c Drivers/STM32F1xx_HAL_Driver/Src/stm32f1xx_hal_cortex.o
                0x080002a8                HAL_SYSTICK_Config
 .text.HAL_SYSTICK_CLKSourceConfig
                0x080002d4       0x20 Drivers/STM32F1xx_HAL_Driver/Src/stm32f1xx_hal_cortex.o
                0x080002d4                HAL_SYSTICK_CLKSourceConfig
 .text.HAL_SYSTICK_Callback
                0x080002f4        0x2 Drivers/STM32F1xx_HAL_Driver/Src/stm32f1xx_hal_cortex.o
                0x080002f4                HAL_SYSTICK_Callback
 .text.HAL_SYSTICK_IRQHandler
                0x080002f6        0x8 Drivers/STM32F1xx_HAL_Driver/Src/stm32f1xx_hal_cortex.o
                0x080002f6                HAL_SYSTICK_IRQHandler
 *fill*         0x080002fe        0x2 
 .text.HAL_GPIO_Init
                0x08000300      0x1d4 Drivers/STM32F1xx_HAL_Driver/Src/stm32f1xx_hal_gpio.o
                0x08000300                HAL_GPIO_Init
 .text.HAL_GPIO_WritePin
                0x080004d4        0xc Drivers/STM32F1xx_HAL_Driver/Src/stm32f1xx_hal_gpio.o
                0x080004d4                HAL_GPIO_WritePin
 .text.HAL_PCD_Init
                0x080004e0       0xd6 Drivers/STM32F1xx_HAL_Driver/Src/stm32f1xx_hal_pcd.o
                0x080004e0                HAL_PCD_Init
 .text.HAL_PCD_Start
                0x080005b6       0x2e Drivers/STM32F1xx_HAL_Driver/Src/stm32f1xx_hal_pcd.o
                0x080005b6                HAL_PCD_Start
 .text.HAL_PCD_SetAddress
                0x080005e4       0x28 Drivers/STM32F1xx_HAL_Driver/Src/stm32f1xx_hal_pcd.o
                0x080005e4                HAL_PCD_SetAddress
 .text.HAL_PCD_EP_Open
                0x0800060c       0x52 Drivers/STM32F1xx_HAL_Driver/Src/stm32f1xx_hal_pcd.o
                0x0800060c                HAL_PCD_EP_Open
 .text.HAL_PCD_EP_Close
                0x0800065e       0x4e Drivers/STM32F1xx_HAL_Driver/Src/stm32f1xx_hal_pcd.o
                0x0800065e                HAL_PCD_EP_Close
 .text.HAL_PCD_EP_Receive
                0x080006ac       0x3e Drivers/STM32F1xx_HAL_Driver/Src/stm32f1xx_hal_pcd.o
                0x080006ac                HAL_PCD_EP_Receive
 .text.HAL_PCD_EP_GetRxCount
                0x080006ea        0xe Drivers/STM32F1xx_HAL_Driver/Src/stm32f1xx_hal_pcd.o
                0x080006ea                HAL_PCD_EP_GetRxCount
 .text.HAL_PCD_EP_Transmit
                0x080006f8       0x3c Drivers/STM32F1xx_HAL_Driver/Src/stm32f1xx_hal_pcd.o
                0x080006f8                HAL_PCD_EP_Transmit
 .text.PCD_EP_ISR_Handler
                0x08000734      0x444 Drivers/STM32F1xx_HAL_Driver/Src/stm32f1xx_hal_pcd.o
 .text.HAL_PCD_IRQHandler
                0x08000b78      0x160 Drivers/STM32F1xx_HAL_Driver/Src/stm32f1xx_hal_pcd.o
                0x08000b78                HAL_PCD_IRQHandler
 .text.HAL_PCD_EP_SetStall
                0x08000cd8       0x5c Drivers/STM32F1xx_HAL_Driver/Src/stm32f1xx_hal_pcd.o
                0x08000cd8                HAL_PCD_EP_SetStall
 .text.HAL_PCD_EP_ClrStall
                0x08000d34       0x4e Drivers/STM32F1xx_HAL_Driver/Src/stm32f1xx_hal_pcd.o
                0x08000d34                HAL_PCD_EP_ClrStall
 .text.HAL_PCDEx_PMAConfig
                0x08000d82       0x30 Drivers/STM32F1xx_HAL_Driver/Src/stm32f1xx_hal_pcd_ex.o
                0x08000d82                HAL_PCDEx_PMAConfig
 *fill*         0x08000db2        0x2 
 .text.RCC_Delay
                0x08000db4       0x2c Drivers/STM32F1xx_HAL_Driver/Src/stm32f1xx_hal_rcc.o
 .text.HAL_RCC_OscConfig
                0x08000de0      0x3dc Drivers/STM32F1xx_HAL_Driver/Src/stm32f1xx_hal_rcc.o
                0x08000de0                HAL_RCC_OscConfig
 .text.HAL_RCC_GetSysClockFreq
                0x080011bc       0x70 Drivers/STM32F1xx_HAL_Driver/Src/stm32f1xx_hal_rcc.o
                0x080011bc                HAL_RCC_GetSysClockFreq
 .text.HAL_RCC_ClockConfig
                0x0800122c      0x178 Drivers/STM32F1xx_HAL_Driver/Src/stm32f1xx_hal_rcc.o
                0x0800122c                HAL_RCC_ClockConfig
 .text.HAL_RCC_GetHCLKFreq
                0x080013a4        0xc Drivers/STM32F1xx_HAL_Driver/Src/stm32f1xx_hal_rcc.o
                0x080013a4                HAL_RCC_GetHCLKFreq
 .text.HAL_RCCEx_PeriphCLKConfig
                0x080013b0      0x114 Drivers/STM32F1xx_HAL_Driver/Src/stm32f1xx_hal_rcc_ex.o
                0x080013b0                HAL_RCCEx_PeriphCLKConfig
 .text.HAL_SPI_Init
                0x080014c4       0x82 Drivers/STM32F1xx_HAL_Driver/Src/stm32f1xx_hal_spi_ex.o
                0x080014c4                HAL_SPI_Init
 *fill*         0x08001546        0x2 
 .text.TIM_OC1_SetConfig
                0x08001548       0x5c Drivers/STM32F1xx_HAL_Driver/Src/stm32f1xx_hal_tim.o
 .text.TIM_OC3_SetConfig
                0x080015a4       0x64 Drivers/STM32F1xx_HAL_Driver/Src/stm32f1xx_hal_tim.o
 .text.TIM_OC4_SetConfig
                0x08001608       0x48 Drivers/STM32F1xx_HAL_Driver/Src/stm32f1xx_hal_tim.o
 .text.TIM_TI1_ConfigInputStage
                0x08001650       0x24 Drivers/STM32F1xx_HAL_Driver/Src/stm32f1xx_hal_tim.o
 .text.TIM_TI2_SetConfig
                0x08001674       0x34 Drivers/STM32F1xx_HAL_Driver/Src/stm32f1xx_hal_tim.o
 .text.TIM_TI2_ConfigInputStage
                0x080016a8       0x26 Drivers/STM32F1xx_HAL_Driver/Src/stm32f1xx_hal_tim.o
 .text.TIM_TI3_SetConfig
                0x080016ce       0x32 Drivers/STM32F1xx_HAL_Driver/Src/stm32f1xx_hal_tim.o
 .text.TIM_TI4_SetConfig
                0x08001700       0x34 Drivers/STM32F1xx_HAL_Driver/Src/stm32f1xx_hal_tim.o
 .text.TIM_ITRx_SetConfig
                0x08001734       0x10 Drivers/STM32F1xx_HAL_Driver/Src/stm32f1xx_hal_tim.o
 .text.TIM_ETR_SetConfig
                0x08001744       0x16 Drivers/STM32F1xx_HAL_Driver/Src/stm32f1xx_hal_tim.o
 .text.HAL_TIM_PWM_MspInit
                0x0800175a        0x2 Drivers/STM32F1xx_HAL_Driver/Src/stm32f1xx_hal_tim.o
                0x0800175a                HAL_TIM_PWM_MspInit
 .text.HAL_TIM_IC_MspInit
                0x0800175c        0x2 Drivers/STM32F1xx_HAL_Driver/Src/stm32f1xx_hal_tim.o
                0x0800175c                HAL_TIM_IC_MspInit
 .text.HAL_TIM_ConfigClockSource
                0x0800175e      0x108 Drivers/STM32F1xx_HAL_Driver/Src/stm32f1xx_hal_tim.o
                0x0800175e                HAL_TIM_ConfigClockSource
 .text.HAL_TIM_PeriodElapsedCallback
                0x08001866        0x2 Drivers/STM32F1xx_HAL_Driver/Src/stm32f1xx_hal_tim.o
                0x08001866                HAL_TIM_PeriodElapsedCallback
 .text.HAL_TIM_OC_DelayElapsedCallback
                0x08001868        0x2 Drivers/STM32F1xx_HAL_Driver/Src/stm32f1xx_hal_tim.o
                0x08001868                HAL_TIM_OC_DelayElapsedCallback
 .text.HAL_TIM_IC_CaptureCallback
                0x0800186a        0x2 Drivers/STM32F1xx_HAL_Driver/Src/stm32f1xx_hal_tim.o
                0x0800186a                HAL_TIM_IC_CaptureCallback
 .text.HAL_TIM_PWM_PulseFinishedCallback
                0x0800186c        0x2 Drivers/STM32F1xx_HAL_Driver/Src/stm32f1xx_hal_tim.o
                0x0800186c                HAL_TIM_PWM_PulseFinishedCallback
 .text.HAL_TIM_TriggerCallback
                0x0800186e        0x2 Drivers/STM32F1xx_HAL_Driver/Src/stm32f1xx_hal_tim.o
                0x0800186e                HAL_TIM_TriggerCallback
 .text.HAL_TIM_IRQHandler
                0x08001870      0x17a Drivers/STM32F1xx_HAL_Driver/Src/stm32f1xx_hal_tim.o
                0x08001870                HAL_TIM_IRQHandler
 *fill*         0x080019ea        0x2 
 .text.TIM_Base_SetConfig
                0x080019ec       0x74 Drivers/STM32F1xx_HAL_Driver/Src/stm32f1xx_hal_tim.o
                0x080019ec                TIM_Base_SetConfig
 .text.HAL_TIM_Base_Init
                0x08001a60       0x32 Drivers/STM32F1xx_HAL_Driver/Src/stm32f1xx_hal_tim.o
                0x08001a60                HAL_TIM_Base_Init
 .text.HAL_TIM_PWM_Init
                0x08001a92       0x32 Drivers/STM32F1xx_HAL_Driver/Src/stm32f1xx_hal_tim.o
                0x08001a92                HAL_TIM_PWM_Init
 .text.HAL_TIM_IC_Init
                0x08001ac4       0x32 Drivers/STM32F1xx_HAL_Driver/Src/stm32f1xx_hal_tim.o
                0x08001ac4                HAL_TIM_IC_Init
 *fill*         0x08001af6        0x2 
 .text.TIM_OC2_SetConfig
                0x08001af8       0x64 Drivers/STM32F1xx_HAL_Driver/Src/stm32f1xx_hal_tim.o
                0x08001af8                TIM_OC2_SetConfig
 .text.HAL_TIM_PWM_ConfigChannel
                0x08001b5c       0xdc Drivers/STM32F1xx_HAL_Driver/Src/stm32f1xx_hal_tim.o
                0x08001b5c                HAL_TIM_PWM_ConfigChannel
 .text.TIM_TI1_SetConfig
                0x08001c38       0x58 Drivers/STM32F1xx_HAL_Driver/Src/stm32f1xx_hal_tim.o
                0x08001c38                TIM_TI1_SetConfig
 .text.HAL_TIM_IC_ConfigChannel
                0x08001c90       0xc0 Drivers/STM32F1xx_HAL_Driver/Src/stm32f1xx_hal_tim.o
                0x08001c90                HAL_TIM_IC_ConfigChannel
 .text.HAL_TIMEx_MasterConfigSynchronization
                0x08001d50       0x52 Drivers/STM32F1xx_HAL_Driver/Src/stm32f1xx_hal_tim_ex.o
                0x08001d50                HAL_TIMEx_MasterConfigSynchronization
 .text.HAL_TIMEx_CommutationCallback
                0x08001da2        0x2 Drivers/STM32F1xx_HAL_Driver/Src/stm32f1xx_hal_tim_ex.o
                0x08001da2                HAL_TIMEx_CommutationCallback
 .text.HAL_TIMEx_BreakCallback
                0x08001da4        0x2 Drivers/STM32F1xx_HAL_Driver/Src/stm32f1xx_hal_tim_ex.o
                0x08001da4                HAL_TIMEx_BreakCallback
 .text.USB_CoreInit
                0x08001da6        0xe Drivers/STM32F1xx_HAL_Driver/Src/stm32f1xx_ll_usb.o
                0x08001da6                USB_CoreInit
 .text.USB_EnableGlobalInt
                0x08001db4       0x10 Drivers/STM32F1xx_HAL_Driver/Src/stm32f1xx_ll_usb.o
                0x08001db4                USB_EnableGlobalInt
 .text.USB_DisableGlobalInt
                0x08001dc4       0x14 Drivers/STM32F1xx_HAL_Driver/Src/stm32f1xx_ll_usb.o
                0x08001dc4                USB_DisableGlobalInt
 .text.USB_SetCurrentMode
                0x08001dd8        0x4 Drivers/STM32F1xx_HAL_Driver/Src/stm32f1xx_ll_usb.o
                0x08001dd8                USB_SetCurrentMode
 .text.USB_DevInit
                0x08001ddc       0x2c Drivers/STM32F1xx_HAL_Driver/Src/stm32f1xx_ll_usb.o
                0x08001ddc                USB_DevInit
 .text.USB_ActivateEndpoint
                0x08001e08      0x328 Drivers/STM32F1xx_HAL_Driver/Src/stm32f1xx_ll_usb.o
                0x08001e08                USB_ActivateEndpoint
 .text.USB_DeactivateEndpoint
                0x08002130      0x1c4 Drivers/STM32F1xx_HAL_Driver/Src/stm32f1xx_ll_usb.o
                0x08002130                USB_DeactivateEndpoint
 .text.USB_EPSetStall
                0x080022f4       0x6e Drivers/STM32F1xx_HAL_Driver/Src/stm32f1xx_ll_usb.o
                0x080022f4                USB_EPSetStall
 .text.USB_EPClearStall
                0x08002362       0x92 Drivers/STM32F1xx_HAL_Driver/Src/stm32f1xx_ll_usb.o
                0x08002362                USB_EPClearStall
 .text.USB_SetDevAddress
                0x080023f4        0xc Drivers/STM32F1xx_HAL_Driver/Src/stm32f1xx_ll_usb.o
                0x080023f4                USB_SetDevAddress
 .text.USB_DevConnect
                0x08002400        0x4 Drivers/STM32F1xx_HAL_Driver/Src/stm32f1xx_ll_usb.o
                0x08002400                USB_DevConnect
 .text.USB_DevDisconnect
                0x08002404        0x4 Drivers/STM32F1xx_HAL_Driver/Src/stm32f1xx_ll_usb.o
                0x08002404                USB_DevDisconnect
 .text.USB_ReadInterrupts
                0x08002408        0x6 Drivers/STM32F1xx_HAL_Driver/Src/stm32f1xx_ll_usb.o
                0x08002408                USB_ReadInterrupts
 .text.USB_EP0_OutStart
                0x0800240e        0x4 Drivers/STM32F1xx_HAL_Driver/Src/stm32f1xx_ll_usb.o
                0x0800240e                USB_EP0_OutStart
 .text.USB_WritePMA
                0x08002412       0x2a Drivers/STM32F1xx_HAL_Driver/Src/stm32f1xx_ll_usb.o
                0x08002412                USB_WritePMA
 .text.USB_EPStartXfer
                0x0800243c      0x2ba Drivers/STM32F1xx_HAL_Driver/Src/stm32f1xx_ll_usb.o
                0x0800243c                USB_EPStartXfer
 .text.USB_ReadPMA
                0x080026f6       0x1e Drivers/STM32F1xx_HAL_Driver/Src/stm32f1xx_ll_usb.o
                0x080026f6                USB_ReadPMA
 .text.USBD_CDC_DataIn
                0x08002714       0x12 Middlewares/ST/STM32_USB_Device_Library/Class/CDC/Src/usbd_cdc.o
 .text.USBD_CDC_EP0_RxReady
                0x08002726       0x28 Middlewares/ST/STM32_USB_Device_Library/Class/CDC/Src/usbd_cdc.o
 *fill*         0x0800274e        0x2 
 .text.USBD_CDC_GetFSCfgDesc
                0x08002750        0xc Middlewares/ST/STM32_USB_Device_Library/Class/CDC/Src/usbd_cdc.o
 .text.USBD_CDC_GetHSCfgDesc
                0x0800275c        0xc Middlewares/ST/STM32_USB_Device_Library/Class/CDC/Src/usbd_cdc.o
 .text.USBD_CDC_GetOtherSpeedCfgDesc
                0x08002768        0xc Middlewares/ST/STM32_USB_Device_Library/Class/CDC/Src/usbd_cdc.o
 .text.USBD_CDC_GetDeviceQualifierDescriptor
                0x08002774        0xc Middlewares/ST/STM32_USB_Device_Library/Class/CDC/Src/usbd_cdc.o
                0x08002774                USBD_CDC_GetDeviceQualifierDescriptor
 .text.USBD_CDC_DataOut
                0x08002780       0x2e Middlewares/ST/STM32_USB_Device_Library/Class/CDC/Src/usbd_cdc.o
 *fill*         0x080027ae        0x2 
 .text.USBD_CDC_Setup
                0x080027b0       0x74 Middlewares/ST/STM32_USB_Device_Library/Class/CDC/Src/usbd_cdc.o
 .text.USBD_CDC_DeInit
                0x08002824       0x3a Middlewares/ST/STM32_USB_Device_Library/Class/CDC/Src/usbd_cdc.o
 .text.USBD_CDC_Init
                0x0800285e       0x96 Middlewares/ST/STM32_USB_Device_Library/Class/CDC/Src/usbd_cdc.o
 .text.USBD_CDC_RegisterInterface
                0x080028f4        0xe Middlewares/ST/STM32_USB_Device_Library/Class/CDC/Src/usbd_cdc.o
                0x080028f4                USBD_CDC_RegisterInterface
 .text.USBD_CDC_SetTxBuffer
                0x08002902       0x10 Middlewares/ST/STM32_USB_Device_Library/Class/CDC/Src/usbd_cdc.o
                0x08002902                USBD_CDC_SetTxBuffer
 .text.USBD_CDC_SetRxBuffer
                0x08002912        0xc Middlewares/ST/STM32_USB_Device_Library/Class/CDC/Src/usbd_cdc.o
                0x08002912                USBD_CDC_SetRxBuffer
 .text.USBD_CDC_TransmitPacket
                0x0800291e       0x2e Middlewares/ST/STM32_USB_Device_Library/Class/CDC/Src/usbd_cdc.o
                0x0800291e                USBD_CDC_TransmitPacket
 .text.USBD_CDC_ReceivePacket
                0x0800294c       0x32 Middlewares/ST/STM32_USB_Device_Library/Class/CDC/Src/usbd_cdc.o
                0x0800294c                USBD_CDC_ReceivePacket
 .text.USBD_Init
                0x0800297e       0x2e Middlewares/ST/STM32_USB_Device_Library/Core/Src/usbd_core.o
                0x0800297e                USBD_Init
 .text.USBD_RegisterClass
                0x080029ac        0xe Middlewares/ST/STM32_USB_Device_Library/Core/Src/usbd_core.o
                0x080029ac                USBD_RegisterClass
 .text.USBD_Start
                0x080029ba        0xa Middlewares/ST/STM32_USB_Device_Library/Core/Src/usbd_core.o
                0x080029ba                USBD_Start
 .text.USBD_SetClassConfig
                0x080029c4       0x1a Middlewares/ST/STM32_USB_Device_Library/Core/Src/usbd_core.o
                0x080029c4                USBD_SetClassConfig
 .text.USBD_ClrClassConfig
                0x080029de        0xe Middlewares/ST/STM32_USB_Device_Library/Core/Src/usbd_core.o
                0x080029de                USBD_ClrClassConfig
 .text.USBD_LL_SetupStage
                0x080029ec       0x5a Middlewares/ST/STM32_USB_Device_Library/Core/Src/usbd_core.o
                0x080029ec                USBD_LL_SetupStage
 .text.USBD_LL_DataOutStage
                0x08002a46       0x6a Middlewares/ST/STM32_USB_Device_Library/Core/Src/usbd_core.o
                0x08002a46                USBD_LL_DataOutStage
 .text.USBD_LL_DataInStage
                0x08002ab0       0xb0 Middlewares/ST/STM32_USB_Device_Library/Core/Src/usbd_core.o
                0x08002ab0                USBD_LL_DataInStage
 .text.USBD_LL_Reset
                0x08002b60       0x3e Middlewares/ST/STM32_USB_Device_Library/Core/Src/usbd_core.o
                0x08002b60                USBD_LL_Reset
 .text.USBD_LL_SetSpeed
                0x08002b9e        0x6 Middlewares/ST/STM32_USB_Device_Library/Core/Src/usbd_core.o
                0x08002b9e                USBD_LL_SetSpeed
 .text.USBD_LL_Suspend
                0x08002ba4       0x12 Middlewares/ST/STM32_USB_Device_Library/Core/Src/usbd_core.o
                0x08002ba4                USBD_LL_Suspend
 .text.USBD_LL_Resume
                0x08002bb6        0xc Middlewares/ST/STM32_USB_Device_Library/Core/Src/usbd_core.o
                0x08002bb6                USBD_LL_Resume
 .text.USBD_LL_SOF
                0x08002bc2       0x1c Middlewares/ST/STM32_USB_Device_Library/Core/Src/usbd_core.o
                0x08002bc2                USBD_LL_SOF
 .text.USBD_GetLen
                0x08002bde       0x14 Middlewares/ST/STM32_USB_Device_Library/Core/Src/usbd_ctlreq.o
 .text.USBD_SetFeature
                0x08002bf2       0x20 Middlewares/ST/STM32_USB_Device_Library/Core/Src/usbd_ctlreq.o
 .text.USBD_ParseSetupRequest
                0x08002c12       0x28 Middlewares/ST/STM32_USB_Device_Library/Core/Src/usbd_ctlreq.o
                0x08002c12                USBD_ParseSetupRequest
 .text.USBD_CtlError
                0x08002c3a       0x14 Middlewares/ST/STM32_USB_Device_Library/Core/Src/usbd_ctlreq.o
                0x08002c3a                USBD_CtlError
 .text.USBD_GetDescriptor
                0x08002c4e      0x132 Middlewares/ST/STM32_USB_Device_Library/Core/Src/usbd_ctlreq.o
 .text.USBD_SetAddress
                0x08002d80       0x4a Middlewares/ST/STM32_USB_Device_Library/Core/Src/usbd_ctlreq.o
 *fill*         0x08002dca        0x2 
 .text.USBD_SetConfig
                0x08002dcc       0xa4 Middlewares/ST/STM32_USB_Device_Library/Core/Src/usbd_ctlreq.o
 .text.USBD_GetConfig
                0x08002e70       0x3a Middlewares/ST/STM32_USB_Device_Library/Core/Src/usbd_ctlreq.o
 .text.USBD_GetStatus
                0x08002eaa       0x2c Middlewares/ST/STM32_USB_Device_Library/Core/Src/usbd_ctlreq.o
 .text.USBD_ClrFeature
                0x08002ed6       0x30 Middlewares/ST/STM32_USB_Device_Library/Core/Src/usbd_ctlreq.o
 .text.USBD_StdDevReq
                0x08002f06       0x48 Middlewares/ST/STM32_USB_Device_Library/Core/Src/usbd_ctlreq.o
                0x08002f06                USBD_StdDevReq
 .text.USBD_StdItfReq
                0x08002f4e       0x38 Middlewares/ST/STM32_USB_Device_Library/Core/Src/usbd_ctlreq.o
                0x08002f4e                USBD_StdItfReq
 .text.USBD_StdEPReq
                0x08002f86      0x118 Middlewares/ST/STM32_USB_Device_Library/Core/Src/usbd_ctlreq.o
                0x08002f86                USBD_StdEPReq
 .text.USBD_GetString
                0x0800309e       0x3a Middlewares/ST/STM32_USB_Device_Library/Core/Src/usbd_ctlreq.o
                0x0800309e                USBD_GetString
 .text.USBD_CtlSendData
                0x080030d8       0x1a Middlewares/ST/STM32_USB_Device_Library/Core/Src/usbd_ioreq.o
                0x080030d8                USBD_CtlSendData
 .text.USBD_CtlContinueSendData
                0x080030f2       0x10 Middlewares/ST/STM32_USB_Device_Library/Core/Src/usbd_ioreq.o
                0x080030f2                USBD_CtlContinueSendData
 .text.USBD_CtlPrepareRx
                0x08003102       0x1e Middlewares/ST/STM32_USB_Device_Library/Core/Src/usbd_ioreq.o
                0x08003102                USBD_CtlPrepareRx
 .text.USBD_CtlContinueRx
                0x08003120       0x10 Middlewares/ST/STM32_USB_Device_Library/Core/Src/usbd_ioreq.o
                0x08003120                USBD_CtlContinueRx
 .text.USBD_CtlSendStatus
                0x08003130       0x16 Middlewares/ST/STM32_USB_Device_Library/Core/Src/usbd_ioreq.o
                0x08003130                USBD_CtlSendStatus
 .text.USBD_CtlReceiveStatus
                0x08003146       0x16 Middlewares/ST/STM32_USB_Device_Library/Core/Src/usbd_ioreq.o
                0x08003146                USBD_CtlReceiveStatus
 .text.MX_GPIO_Init
                0x0800315c       0x8c Src/main.o
 .text._Error_Handler
                0x080031e8        0x2 Src/main.o
                0x080031e8                _Error_Handler
 *fill*         0x080031ea        0x2 
 .text.MX_SPI1_Init
                0x080031ec       0x48 Src/main.o
 .text.MX_TIM2_Init
                0x08003234      0x128 Src/main.o
 .text.SystemClock_Config
                0x0800335c       0x9c Src/main.o
                0x0800335c                SystemClock_Config
 .text.main     0x080033f8       0x60 Src/main.o
                0x080033f8                main
 .text.HAL_MspInit
                0x08003458       0x90 Src/stm32f1xx_hal_msp.o
                0x08003458                HAL_MspInit
 .text.HAL_SPI_MspInit
                0x080034e8       0x58 Src/stm32f1xx_hal_msp.o
                0x080034e8                HAL_SPI_MspInit
 .text.HAL_TIM_Base_MspInit
                0x08003540       0x68 Src/stm32f1xx_hal_msp.o
                0x08003540                HAL_TIM_Base_MspInit
 .text.HAL_TIM_MspPostInit
                0x080035a8       0x54 Src/stm32f1xx_hal_msp.o
                0x080035a8                HAL_TIM_MspPostInit
 .text.NMI_Handler
                0x080035fc        0x2 Src/stm32f1xx_it.o
                0x080035fc                NMI_Handler
 .text.HardFault_Handler
                0x080035fe        0x2 Src/stm32f1xx_it.o
                0x080035fe                HardFault_Handler
 .text.MemManage_Handler
                0x08003600        0x2 Src/stm32f1xx_it.o
                0x08003600                MemManage_Handler
 .text.BusFault_Handler
                0x08003602        0x2 Src/stm32f1xx_it.o
                0x08003602                BusFault_Handler
 .text.UsageFault_Handler
                0x08003604        0x2 Src/stm32f1xx_it.o
                0x08003604                UsageFault_Handler
 .text.SVC_Handler
                0x08003606        0x2 Src/stm32f1xx_it.o
                0x08003606                SVC_Handler
 .text.DebugMon_Handler
                0x08003608        0x2 Src/stm32f1xx_it.o
                0x08003608                DebugMon_Handler
 .text.PendSV_Handler
                0x0800360a        0x2 Src/stm32f1xx_it.o
                0x0800360a                PendSV_Handler
 .text.SysTick_Handler
                0x0800360c        0xc Src/stm32f1xx_it.o
                0x0800360c                SysTick_Handler
 .text.USB_LP_CAN1_RX0_IRQHandler
                0x08003618       0x10 Src/stm32f1xx_it.o
                0x08003618                USB_LP_CAN1_RX0_IRQHandler
 .text.TIM2_IRQHandler
                0x08003628       0x10 Src/stm32f1xx_it.o
                0x08003628                TIM2_IRQHandler
 .text.SystemInit
                0x08003638       0x4c Src/system_stm32f1xx.o
                0x08003638                SystemInit
 .text.MX_USB_DEVICE_Init
                0x08003684       0x38 Src/usb_device.o
                0x08003684                MX_USB_DEVICE_Init
 .text.CDC_DeInit_FS
                0x080036bc        0x4 Src/usbd_cdc_if.o
 .text.CDC_Control_FS
                0x080036c0        0x4 Src/usbd_cdc_if.o
 .text.CDC_Receive_FS
                0x080036c4       0x30 Src/usbd_cdc_if.o
 .text.CDC_Init_FS
                0x080036f4       0x28 Src/usbd_cdc_if.o
 .text.CDC_Transmit_FS
                0x0800371c       0x2c Src/usbd_cdc_if.o
                0x0800371c                CDC_Transmit_FS
 .text.HAL_PCD_MspInit
                0x08003748       0x40 Src/usbd_conf.o
                0x08003748                HAL_PCD_MspInit
 .text.HAL_PCD_SetupStageCallback
                0x08003788       0x10 Src/usbd_conf.o
                0x08003788                HAL_PCD_SetupStageCallback
 .text.HAL_PCD_DataOutStageCallback
                0x08003798       0x14 Src/usbd_conf.o
                0x08003798                HAL_PCD_DataOutStageCallback
 .text.HAL_PCD_DataInStageCallback
                0x080037ac       0x12 Src/usbd_conf.o
                0x080037ac                HAL_PCD_DataInStageCallback
 .text.HAL_PCD_SOFCallback
                0x080037be        0xc Src/usbd_conf.o
                0x080037be                HAL_PCD_SOFCallback
 .text.HAL_PCD_ResetCallback
                0x080037ca       0x18 Src/usbd_conf.o
                0x080037ca                HAL_PCD_ResetCallback
 *fill*         0x080037e2        0x2 
 .text.HAL_PCD_SuspendCallback
                0x080037e4       0x20 Src/usbd_conf.o
                0x080037e4                HAL_PCD_SuspendCallback
 .text.HAL_PCD_ResumeCallback
                0x08003804        0xc Src/usbd_conf.o
                0x08003804                HAL_PCD_ResumeCallback
 .text.USBD_LL_Init
                0x08003810       0x94 Src/usbd_conf.o
                0x08003810                USBD_LL_Init
 .text.USBD_LL_Start
                0x080038a4       0x1c Src/usbd_conf.o
                0x080038a4                USBD_LL_Start
 .text.USBD_LL_OpenEP
                0x080038c0       0x22 Src/usbd_conf.o
                0x080038c0                USBD_LL_OpenEP
 .text.USBD_LL_CloseEP
                0x080038e2       0x1c Src/usbd_conf.o
                0x080038e2                USBD_LL_CloseEP
 .text.USBD_LL_StallEP
                0x080038fe       0x1c Src/usbd_conf.o
                0x080038fe                USBD_LL_StallEP
 .text.USBD_LL_ClearStallEP
                0x0800391a       0x1c Src/usbd_conf.o
                0x0800391a                USBD_LL_ClearStallEP
 .text.USBD_LL_IsStallEP
                0x08003936       0x26 Src/usbd_conf.o
                0x08003936                USBD_LL_IsStallEP
 .text.USBD_LL_SetUSBAddress
                0x0800395c       0x1c Src/usbd_conf.o
                0x0800395c                USBD_LL_SetUSBAddress
 .text.USBD_LL_Transmit
                0x08003978       0x1c Src/usbd_conf.o
                0x08003978                USBD_LL_Transmit
 .text.USBD_LL_PrepareReceive
                0x08003994       0x1c Src/usbd_conf.o
                0x08003994                USBD_LL_PrepareReceive
 .text.USBD_LL_GetRxDataSize
                0x080039b0        0xc Src/usbd_conf.o
                0x080039b0                USBD_LL_GetRxDataSize
 .text.USBD_static_malloc
                0x080039bc        0x8 Src/usbd_conf.o
                0x080039bc                USBD_static_malloc
 .text.USBD_static_free
                0x080039c4        0x2 Src/usbd_conf.o
                0x080039c4                USBD_static_free
 .text.HAL_PCDEx_SetConnectionState
                0x080039c6        0x2 Src/usbd_conf.o
                0x080039c6                HAL_PCDEx_SetConnectionState
 .text.USBD_FS_DeviceDescriptor
                0x080039c8        0xc Src/usbd_desc.o
                0x080039c8                USBD_FS_DeviceDescriptor
 .text.USBD_FS_LangIDStrDescriptor
                0x080039d4        0xc Src/usbd_desc.o
                0x080039d4                USBD_FS_LangIDStrDescriptor
 .text.USBD_FS_ProductStrDescriptor
                0x080039e0       0x24 Src/usbd_desc.o
                0x080039e0                USBD_FS_ProductStrDescriptor
 .text.USBD_FS_ManufacturerStrDescriptor
                0x08003a04       0x1c Src/usbd_desc.o
                0x08003a04                USBD_FS_ManufacturerStrDescriptor
 .text.USBD_FS_SerialStrDescriptor
                0x08003a20       0x24 Src/usbd_desc.o
                0x08003a20                USBD_FS_SerialStrDescriptor
 .text.USBD_FS_ConfigStrDescriptor
                0x08003a44       0x24 Src/usbd_desc.o
                0x08003a44                USBD_FS_ConfigStrDescriptor
 .text.USBD_FS_InterfaceStrDescriptor
                0x08003a68       0x24 Src/usbd_desc.o
                0x08003a68                USBD_FS_InterfaceStrDescriptor
 .text.Reset_Handler
                0x08003a8c       0x48 startup/startup_stm32f103xb.o
                0x08003a8c                Reset_Handler
 .text.Default_Handler
                0x08003ad4        0x2 startup/startup_stm32f103xb.o
                0x08003ad4                RTC_Alarm_IRQHandler
                0x08003ad4                EXTI2_IRQHandler
                0x08003ad4                TIM1_CC_IRQHandler
                0x08003ad4                PVD_IRQHandler
                0x08003ad4                EXTI3_IRQHandler
                0x08003ad4                EXTI0_IRQHandler
                0x08003ad4                I2C2_EV_IRQHandler
                0x08003ad4                ADC1_2_IRQHandler
                0x08003ad4                SPI1_IRQHandler
                0x08003ad4                TAMPER_IRQHandler
                0x08003ad4                DMA1_Channel4_IRQHandler
                0x08003ad4                USART3_IRQHandler
                0x08003ad4                RTC_IRQHandler
                0x08003ad4                DMA1_Channel7_IRQHandler
                0x08003ad4                CAN1_RX1_IRQHandler
                0x08003ad4                TIM4_IRQHandler
                0x08003ad4                I2C1_EV_IRQHandler
                0x08003ad4                DMA1_Channel6_IRQHandler
                0x08003ad4                TIM3_IRQHandler
                0x08003ad4                RCC_IRQHandler
                0x08003ad4                TIM1_TRG_COM_IRQHandler
                0x08003ad4                DMA1_Channel1_IRQHandler
                0x08003ad4                Default_Handler
                0x08003ad4                EXTI15_10_IRQHandler
                0x08003ad4                EXTI9_5_IRQHandler
                0x08003ad4                SPI2_IRQHandler
                0x08003ad4                DMA1_Channel5_IRQHandler
                0x08003ad4                EXTI4_IRQHandler
                0x08003ad4                USB_HP_CAN1_TX_IRQHandler
                0x08003ad4                DMA1_Channel3_IRQHandler
                0x08003ad4                TIM1_UP_IRQHandler
                0x08003ad4                WWDG_IRQHandler
                0x08003ad4                TIM1_BRK_IRQHandler
                0x08003ad4                EXTI1_IRQHandler
                0x08003ad4                USART2_IRQHandler
                0x08003ad4                I2C2_ER_IRQHandler
                0x08003ad4                DMA1_Channel2_IRQHandler
                0x08003ad4                CAN1_SCE_IRQHandler
                0x08003ad4                FLASH_IRQHandler
                0x08003ad4                USART1_IRQHandler
                0x08003ad4                I2C1_ER_IRQHandler
                0x08003ad4                USBWakeUp_IRQHandler
 *fill*         0x08003ad6        0x2 
 .text.__libc_init_array
                0x08003ad8       0x48 c:/ac6/systemworkbench/plugins/fr.ac6.mcu.externaltools.arm-none.win32_1.17.0.201812190825/tools/compiler/bin/../lib/gcc/arm-none-eabi/7.3.1/../../../../arm-none-eabi/lib/thumb/v7-m\libc_nano.a(lib_a-init.o)
                0x08003ad8                __libc_init_array
 *(.glue_7)
 .glue_7        0x08003b20        0x0 linker stubs
 *(.glue_7t)
 .glue_7t       0x08003b20        0x0 linker stubs
 *(.eh_frame)
 .eh_frame      0x08003b20        0x0 c:/ac6/systemworkbench/plugins/fr.ac6.mcu.externaltools.arm-none.win32_1.17.0.201812190825/tools/compiler/bin/../lib/gcc/arm-none-eabi/7.3.1/thumb/v7-m/crtbegin.o
 *(.init)
 .init          0x08003b20        0x4 c:/ac6/systemworkbench/plugins/fr.ac6.mcu.externaltools.arm-none.win32_1.17.0.201812190825/tools/compiler/bin/../lib/gcc/arm-none-eabi/7.3.1/thumb/v7-m/crti.o
                0x08003b20                _init
 .init          0x08003b24        0x8 c:/ac6/systemworkbench/plugins/fr.ac6.mcu.externaltools.arm-none.win32_1.17.0.201812190825/tools/compiler/bin/../lib/gcc/arm-none-eabi/7.3.1/thumb/v7-m/crtn.o
 *(.fini)
 .fini          0x08003b2c        0x4 c:/ac6/systemworkbench/plugins/fr.ac6.mcu.externaltools.arm-none.win32_1.17.0.201812190825/tools/compiler/bin/../lib/gcc/arm-none-eabi/7.3.1/thumb/v7-m/crti.o
                0x08003b2c                _fini
 .fini          0x08003b30        0x8 c:/ac6/systemworkbench/plugins/fr.ac6.mcu.externaltools.arm-none.win32_1.17.0.201812190825/tools/compiler/bin/../lib/gcc/arm-none-eabi/7.3.1/thumb/v7-m/crtn.o
                0x08003b38                . = ALIGN (0x4)
                0x08003b38                _etext = .

.vfp11_veneer   0x08003b38        0x0
 .vfp11_veneer  0x08003b38        0x0 linker stubs

.v4_bx          0x08003b38        0x0
 .v4_bx         0x08003b38        0x0 linker stubs

.iplt           0x08003b38        0x0
 .iplt          0x08003b38        0x0 c:/ac6/systemworkbench/plugins/fr.ac6.mcu.externaltools.arm-none.win32_1.17.0.201812190825/tools/compiler/bin/../lib/gcc/arm-none-eabi/7.3.1/thumb/v7-m/crtbegin.o

.rodata         0x08003b38       0xa8
                0x08003b38                . = ALIGN (0x4)
 *(.rodata)
 .rodata        0x08003b38       0x12 Drivers/STM32F1xx_HAL_Driver/Src/stm32f1xx_hal_rcc.o
 *fill*         0x08003b4a        0x2 
 .rodata        0x08003b4c       0x18 Src/system_stm32f1xx.o
                0x08003b4c                AHBPrescTable
                0x08003b5c                APBPrescTable
 *(.rodata*)
 .rodata.str1.4
                0x08003b64        0xe Src/main.o
 *fill*         0x08003b72        0x2 
 .rodata.str1.4
                0x08003b74       0x13 Src/usbd_conf.o
 *fill*         0x08003b87        0x1 
 .rodata.str1.4
                0x08003b88       0x58 Src/usbd_desc.o
                                 0x56 (size before relaxing)
                0x08003be0                . = ALIGN (0x4)

.rel.dyn        0x08003be0        0x0
 .rel.iplt      0x08003be0        0x0 c:/ac6/systemworkbench/plugins/fr.ac6.mcu.externaltools.arm-none.win32_1.17.0.201812190825/tools/compiler/bin/../lib/gcc/arm-none-eabi/7.3.1/thumb/v7-m/crtbegin.o

.ARM.extab
 *(.ARM.extab* .gnu.linkonce.armextab.*)

.ARM            0x08003be0        0x0
                0x08003be0                __exidx_start = .
 *(.ARM.exidx*)
                0x08003be0                __exidx_end = .

.preinit_array  0x08003be0        0x0
                0x08003be0                PROVIDE (__preinit_array_start = .)
 *(.preinit_array*)
                0x08003be0                PROVIDE (__preinit_array_end = .)

.init_array     0x08003be0        0x4
                0x08003be0                PROVIDE (__init_array_start = .)
 *(SORT_BY_NAME(.init_array.*))
 *(.init_array*)
 .init_array    0x08003be0        0x4 c:/ac6/systemworkbench/plugins/fr.ac6.mcu.externaltools.arm-none.win32_1.17.0.201812190825/tools/compiler/bin/../lib/gcc/arm-none-eabi/7.3.1/thumb/v7-m/crtbegin.o
                0x08003be4                PROVIDE (__init_array_end = .)

.fini_array     0x08003be4        0x4
                [!provide]                PROVIDE (__fini_array_start = .)
 *(SORT_BY_NAME(.fini_array.*))
 *(.fini_array*)
 .fini_array    0x08003be4        0x4 c:/ac6/systemworkbench/plugins/fr.ac6.mcu.externaltools.arm-none.win32_1.17.0.201812190825/tools/compiler/bin/../lib/gcc/arm-none-eabi/7.3.1/thumb/v7-m/crtbegin.o
                [!provide]                PROVIDE (__fini_array_end = .)
                0x08003be8                _sidata = LOADADDR (.data)

.data           0x20000000      0x160 load address 0x08003be8
                0x20000000                . = ALIGN (0x4)
                0x20000000                _sdata = .
 *(.data)
 .data          0x20000000        0x8 Drivers/STM32F1xx_HAL_Driver/Src/stm32f1xx_hal.o
                0x20000000                uwTickFreq
                0x20000004                uwTickPrio
 .data          0x20000008      0x110 Middlewares/ST/STM32_USB_Device_Library/Class/CDC/Src/usbd_cdc.o
                0x20000008                USBD_CDC_CfgFSDesc
                0x2000004c                USBD_CDC_CfgHSDesc
                0x20000090                USBD_CDC_OtherSpeedCfgDesc
                0x200000e0                USBD_CDC
 .data          0x20000118        0x4 Src/system_stm32f1xx.o
                0x20000118                SystemCoreClock
 .data          0x2000011c       0x10 Src/usbd_cdc_if.o
                0x2000011c                USBD_Interface_fops_FS
 .data          0x2000012c       0x34 Src/usbd_desc.o
                0x2000012c                USBD_FS_DeviceDesc
                0x20000140                USBD_LangIDDesc
                0x20000144                FS_Desc
 *(.data*)
                0x20000160                . = ALIGN (0x4)
                0x20000160                _edata = .

.igot.plt       0x20000160        0x0 load address 0x08003d48
 .igot.plt      0x20000160        0x0 c:/ac6/systemworkbench/plugins/fr.ac6.mcu.externaltools.arm-none.win32_1.17.0.201812190825/tools/compiler/bin/../lib/gcc/arm-none-eabi/7.3.1/thumb/v7-m/crtbegin.o
                0x20000160                . = ALIGN (0x4)

.bss            0x20000160     0x1398 load address 0x08003d48
                0x20000160                _sbss = .
                0x20000160                __bss_start__ = _sbss
 *(.bss)
 .bss           0x20000160       0x1c c:/ac6/systemworkbench/plugins/fr.ac6.mcu.externaltools.arm-none.win32_1.17.0.201812190825/tools/compiler/bin/../lib/gcc/arm-none-eabi/7.3.1/thumb/v7-m/crtbegin.o
 .bss           0x2000017c        0x1 Middlewares/ST/STM32_USB_Device_Library/Class/CDC/Src/usbd_cdc.o
 .bss           0x2000017d        0x1 Middlewares/ST/STM32_USB_Device_Library/Core/Src/usbd_ctlreq.o
 *fill*         0x2000017e        0x2 
 .bss           0x20000180      0x220 Src/usbd_conf.o
 *(.bss*)
 *(COMMON)
 COMMON         0x200003a0        0x4 Drivers/STM32F1xx_HAL_Driver/Src/stm32f1xx_hal.o
                0x200003a0                uwTick
 COMMON         0x200003a4      0x100 Src/main.o
                0x200003a4                one_byte_buf
                0x200003a8                hspi1
                0x20000400                htim2
                0x20000440                send_buf
 COMMON         0x200004a4      0x224 Src/usb_device.o
                0x200004a4                hUsbDeviceFS
 COMMON         0x200006c8      0x7d0 Src/usbd_cdc_if.o
                0x200006c8                UserRxBufferFS
                0x20000ab0                UserTxBufferFS
 COMMON         0x20000e98      0x460 Src/usbd_conf.o
                0x20000e98                hpcd_USB_FS
 COMMON         0x200012f8      0x200 Src/usbd_desc.o
                0x200012f8                USBD_StrDesc
                0x200014f8                . = ALIGN (0x4)
                0x200014f8                _ebss = .
                0x200014f8                __bss_end__ = _ebss

._user_heap_stack
                0x200014f8      0x600 load address 0x08003d48
                0x200014f8                . = ALIGN (0x8)
                [!provide]                PROVIDE (end = .)
                [!provide]                PROVIDE (_end = .)
                0x200016f8                . = (. + _Min_Heap_Size)
 *fill*         0x200014f8      0x200 
                0x20001af8                . = (. + _Min_Stack_Size)
 *fill*         0x200016f8      0x400 
                0x20001af8                . = ALIGN (0x8)

/DISCARD/
 libc.a(*)
 libm.a(*)
 libgcc.a(*)

.ARM.attributes
                0x00000000       0x29
 *(.ARM.attributes)
 .ARM.attributes
                0x00000000       0x1d c:/ac6/systemworkbench/plugins/fr.ac6.mcu.externaltools.arm-none.win32_1.17.0.201812190825/tools/compiler/bin/../lib/gcc/arm-none-eabi/7.3.1/thumb/v7-m/crti.o
 .ARM.attributes
                0x0000001d       0x2d c:/ac6/systemworkbench/plugins/fr.ac6.mcu.externaltools.arm-none.win32_1.17.0.201812190825/tools/compiler/bin/../lib/gcc/arm-none-eabi/7.3.1/thumb/v7-m/crtbegin.o
 .ARM.attributes
                0x0000004a       0x33 Drivers/STM32F1xx_HAL_Driver/Src/stm32f1xx_hal.o
 .ARM.attributes
                0x0000007d       0x33 Drivers/STM32F1xx_HAL_Driver/Src/stm32f1xx_hal_cortex.o
 .ARM.attributes
                0x000000b0       0x33 Drivers/STM32F1xx_HAL_Driver/Src/stm32f1xx_hal_gpio.o
 .ARM.attributes
                0x000000e3       0x33 Drivers/STM32F1xx_HAL_Driver/Src/stm32f1xx_hal_pcd.o
 .ARM.attributes
                0x00000116       0x33 Drivers/STM32F1xx_HAL_Driver/Src/stm32f1xx_hal_pcd_ex.o
 .ARM.attributes
                0x00000149       0x33 Drivers/STM32F1xx_HAL_Driver/Src/stm32f1xx_hal_rcc.o
 .ARM.attributes
                0x0000017c       0x33 Drivers/STM32F1xx_HAL_Driver/Src/stm32f1xx_hal_rcc_ex.o
 .ARM.attributes
                0x000001af       0x33 Drivers/STM32F1xx_HAL_Driver/Src/stm32f1xx_hal_spi_ex.o
 .ARM.attributes
                0x000001e2       0x33 Drivers/STM32F1xx_HAL_Driver/Src/stm32f1xx_hal_tim.o
 .ARM.attributes
                0x00000215       0x33 Drivers/STM32F1xx_HAL_Driver/Src/stm32f1xx_hal_tim_ex.o
 .ARM.attributes
                0x00000248       0x33 Drivers/STM32F1xx_HAL_Driver/Src/stm32f1xx_ll_usb.o
 .ARM.attributes
                0x0000027b       0x33 Middlewares/ST/STM32_USB_Device_Library/Class/CDC/Src/usbd_cdc.o
 .ARM.attributes
                0x000002ae       0x33 Middlewares/ST/STM32_USB_Device_Library/Core/Src/usbd_core.o
 .ARM.attributes
                0x000002e1       0x33 Middlewares/ST/STM32_USB_Device_Library/Core/Src/usbd_ctlreq.o
 .ARM.attributes
                0x00000314       0x33 Middlewares/ST/STM32_USB_Device_Library/Core/Src/usbd_ioreq.o
 .ARM.attributes
                0x00000347       0x33 Src/main.o
 .ARM.attributes
                0x0000037a       0x33 Src/stm32f1xx_hal_msp.o
 .ARM.attributes
                0x000003ad       0x33 Src/stm32f1xx_it.o
 .ARM.attributes
                0x000003e0       0x33 Src/system_stm32f1xx.o
 .ARM.attributes
                0x00000413       0x33 Src/usb_device.o
 .ARM.attributes
                0x00000446       0x33 Src/usbd_cdc_if.o
 .ARM.attributes
                0x00000479       0x33 Src/usbd_conf.o
 .ARM.attributes
                0x000004ac       0x33 Src/usbd_desc.o
 .ARM.attributes
                0x000004df       0x21 startup/startup_stm32f103xb.o
 .ARM.attributes
                0x00000500       0x2d c:/ac6/systemworkbench/plugins/fr.ac6.mcu.externaltools.arm-none.win32_1.17.0.201812190825/tools/compiler/bin/../lib/gcc/arm-none-eabi/7.3.1/../../../../arm-none-eabi/lib/thumb/v7-m\libc_nano.a(lib_a-init.o)
 .ARM.attributes
                0x0000052d       0x1d c:/ac6/systemworkbench/plugins/fr.ac6.mcu.externaltools.arm-none.win32_1.17.0.201812190825/tools/compiler/bin/../lib/gcc/arm-none-eabi/7.3.1/thumb/v7-m/crtn.o
OUTPUT(hc_sr04_test1.elf elf32-littlearm)

.debug_info     0x00000000    0x1e309
 .debug_info    0x00000000      0xfa6 Drivers/STM32F1xx_HAL_Driver/Src/stm32f1xx_hal.o
 .debug_info    0x00000fa6     0x1475 Drivers/STM32F1xx_HAL_Driver/Src/stm32f1xx_hal_cortex.o
 .debug_info    0x0000241b      0xe87 Drivers/STM32F1xx_HAL_Driver/Src/stm32f1xx_hal_gpio.o
 .debug_info    0x000032a2     0x19d2 Drivers/STM32F1xx_HAL_Driver/Src/stm32f1xx_hal_pcd.o
 .debug_info    0x00004c74      0xe0d Drivers/STM32F1xx_HAL_Driver/Src/stm32f1xx_hal_pcd_ex.o
 .debug_info    0x00005a81     0x11ef Drivers/STM32F1xx_HAL_Driver/Src/stm32f1xx_hal_rcc.o
 .debug_info    0x00006c70      0xc67 Drivers/STM32F1xx_HAL_Driver/Src/stm32f1xx_hal_rcc_ex.o
 .debug_info    0x000078d7      0xe25 Drivers/STM32F1xx_HAL_Driver/Src/stm32f1xx_hal_spi_ex.o
 .debug_info    0x000086fc     0x3660 Drivers/STM32F1xx_HAL_Driver/Src/stm32f1xx_hal_tim.o
 .debug_info    0x0000bd5c     0x1aa8 Drivers/STM32F1xx_HAL_Driver/Src/stm32f1xx_hal_tim_ex.o
 .debug_info    0x0000d804     0x172c Drivers/STM32F1xx_HAL_Driver/Src/stm32f1xx_ll_usb.o
 .debug_info    0x0000ef30     0x1583 Middlewares/ST/STM32_USB_Device_Library/Class/CDC/Src/usbd_cdc.o
 .debug_info    0x000104b3     0x14ab Middlewares/ST/STM32_USB_Device_Library/Core/Src/usbd_core.o
 .debug_info    0x0001195e     0x166a Middlewares/ST/STM32_USB_Device_Library/Core/Src/usbd_ctlreq.o
 .debug_info    0x00012fc8      0xfd4 Middlewares/ST/STM32_USB_Device_Library/Core/Src/usbd_ioreq.o
 .debug_info    0x00013f9c     0x2051 Src/main.o
 .debug_info    0x00015fed     0x16e6 Src/stm32f1xx_hal_msp.o
 .debug_info    0x000176d3     0x12cb Src/stm32f1xx_it.o
 .debug_info    0x0001899e      0xc15 Src/system_stm32f1xx.o
 .debug_info    0x000195b3      0xe8b Src/usb_device.o
 .debug_info    0x0001a43e     0x10d4 Src/usbd_cdc_if.o
 .debug_info    0x0001b512     0x2076 Src/usbd_conf.o
 .debug_info    0x0001d588      0xd5f Src/usbd_desc.o
 .debug_info    0x0001e2e7       0x22 startup/startup_stm32f103xb.o

.debug_abbrev   0x00000000     0x3eda
 .debug_abbrev  0x00000000      0x2f4 Drivers/STM32F1xx_HAL_Driver/Src/stm32f1xx_hal.o
 .debug_abbrev  0x000002f4      0x3cd Drivers/STM32F1xx_HAL_Driver/Src/stm32f1xx_hal_cortex.o
 .debug_abbrev  0x000006c1      0x2a7 Drivers/STM32F1xx_HAL_Driver/Src/stm32f1xx_hal_gpio.o
 .debug_abbrev  0x00000968      0x357 Drivers/STM32F1xx_HAL_Driver/Src/stm32f1xx_hal_pcd.o
 .debug_abbrev  0x00000cbf      0x232 Drivers/STM32F1xx_HAL_Driver/Src/stm32f1xx_hal_pcd_ex.o
 .debug_abbrev  0x00000ef1      0x335 Drivers/STM32F1xx_HAL_Driver/Src/stm32f1xx_hal_rcc.o
 .debug_abbrev  0x00001226      0x2b4 Drivers/STM32F1xx_HAL_Driver/Src/stm32f1xx_hal_rcc_ex.o
 .debug_abbrev  0x000014da      0x209 Drivers/STM32F1xx_HAL_Driver/Src/stm32f1xx_hal_spi_ex.o
 .debug_abbrev  0x000016e3      0x2ef Drivers/STM32F1xx_HAL_Driver/Src/stm32f1xx_hal_tim.o
 .debug_abbrev  0x000019d2      0x2e0 Drivers/STM32F1xx_HAL_Driver/Src/stm32f1xx_hal_tim_ex.o
 .debug_abbrev  0x00001cb2      0x2c3 Drivers/STM32F1xx_HAL_Driver/Src/stm32f1xx_ll_usb.o
 .debug_abbrev  0x00001f75      0x31d Middlewares/ST/STM32_USB_Device_Library/Class/CDC/Src/usbd_cdc.o
 .debug_abbrev  0x00002292      0x2ac Middlewares/ST/STM32_USB_Device_Library/Core/Src/usbd_core.o
 .debug_abbrev  0x0000253e      0x329 Middlewares/ST/STM32_USB_Device_Library/Core/Src/usbd_ctlreq.o
 .debug_abbrev  0x00002867      0x215 Middlewares/ST/STM32_USB_Device_Library/Core/Src/usbd_ioreq.o
 .debug_abbrev  0x00002a7c      0x30e Src/main.o
 .debug_abbrev  0x00002d8a      0x274 Src/stm32f1xx_hal_msp.o
 .debug_abbrev  0x00002ffe      0x22e Src/stm32f1xx_it.o
 .debug_abbrev  0x0000322c      0x228 Src/system_stm32f1xx.o
 .debug_abbrev  0x00003454      0x218 Src/usb_device.o
 .debug_abbrev  0x0000366c      0x2c9 Src/usbd_cdc_if.o
 .debug_abbrev  0x00003935      0x31c Src/usbd_conf.o
 .debug_abbrev  0x00003c51      0x277 Src/usbd_desc.o
 .debug_abbrev  0x00003ec8       0x12 startup/startup_stm32f103xb.o

.debug_loc      0x00000000     0x9ae4
 .debug_loc     0x00000000       0xfd Drivers/STM32F1xx_HAL_Driver/Src/stm32f1xx_hal.o
 .debug_loc     0x000000fd      0x5ad Drivers/STM32F1xx_HAL_Driver/Src/stm32f1xx_hal_cortex.o
 .debug_loc     0x000006aa      0x44e Drivers/STM32F1xx_HAL_Driver/Src/stm32f1xx_hal_gpio.o
 .debug_loc     0x00000af8      0xa6c Drivers/STM32F1xx_HAL_Driver/Src/stm32f1xx_hal_pcd.o
 .debug_loc     0x00001564       0xf4 Drivers/STM32F1xx_HAL_Driver/Src/stm32f1xx_hal_pcd_ex.o
 .debug_loc     0x00001658      0x4f6 Drivers/STM32F1xx_HAL_Driver/Src/stm32f1xx_hal_rcc.o
 .debug_loc     0x00001b4e      0x2d0 Drivers/STM32F1xx_HAL_Driver/Src/stm32f1xx_hal_rcc_ex.o
 .debug_loc     0x00001e1e       0x4d Drivers/STM32F1xx_HAL_Driver/Src/stm32f1xx_hal_spi_ex.o
 .debug_loc     0x00001e6b     0x367a Drivers/STM32F1xx_HAL_Driver/Src/stm32f1xx_hal_tim.o
 .debug_loc     0x000054e5      0xf9e Drivers/STM32F1xx_HAL_Driver/Src/stm32f1xx_hal_tim_ex.o
 .debug_loc     0x00006483      0xc0d Drivers/STM32F1xx_HAL_Driver/Src/stm32f1xx_ll_usb.o
 .debug_loc     0x00007090      0x4a4 Middlewares/ST/STM32_USB_Device_Library/Class/CDC/Src/usbd_cdc.o
 .debug_loc     0x00007534      0x6f8 Middlewares/ST/STM32_USB_Device_Library/Core/Src/usbd_core.o
 .debug_loc     0x00007c2c      0xb38 Middlewares/ST/STM32_USB_Device_Library/Core/Src/usbd_ctlreq.o
 .debug_loc     0x00008764      0x23c Middlewares/ST/STM32_USB_Device_Library/Core/Src/usbd_ioreq.o
 .debug_loc     0x000089a0      0x135 Src/stm32f1xx_hal_msp.o
 .debug_loc     0x00008ad5       0xdf Src/system_stm32f1xx.o
 .debug_loc     0x00008bb4      0x126 Src/usbd_cdc_if.o
 .debug_loc     0x00008cda      0xb53 Src/usbd_conf.o
 .debug_loc     0x0000982d      0x2b7 Src/usbd_desc.o

.debug_aranges  0x00000000      0xeb0
 .debug_aranges
                0x00000000       0xd0 Drivers/STM32F1xx_HAL_Driver/Src/stm32f1xx_hal.o
 .debug_aranges
                0x000000d0       0x90 Drivers/STM32F1xx_HAL_Driver/Src/stm32f1xx_hal_cortex.o
 .debug_aranges
                0x00000160       0x58 Drivers/STM32F1xx_HAL_Driver/Src/stm32f1xx_hal_gpio.o
 .debug_aranges
                0x000001b8      0x120 Drivers/STM32F1xx_HAL_Driver/Src/stm32f1xx_hal_pcd.o
 .debug_aranges
                0x000002d8       0x28 Drivers/STM32F1xx_HAL_Driver/Src/stm32f1xx_hal_pcd_ex.o
 .debug_aranges
                0x00000300       0x90 Drivers/STM32F1xx_HAL_Driver/Src/stm32f1xx_hal_rcc.o
 .debug_aranges
                0x00000390       0x30 Drivers/STM32F1xx_HAL_Driver/Src/stm32f1xx_hal_rcc_ex.o
 .debug_aranges
                0x000003c0       0x20 Drivers/STM32F1xx_HAL_Driver/Src/stm32f1xx_hal_spi_ex.o
 .debug_aranges
                0x000003e0      0x368 Drivers/STM32F1xx_HAL_Driver/Src/stm32f1xx_hal_tim.o
 .debug_aranges
                0x00000748      0x138 Drivers/STM32F1xx_HAL_Driver/Src/stm32f1xx_hal_tim_ex.o
 .debug_aranges
                0x00000880      0x100 Drivers/STM32F1xx_HAL_Driver/Src/stm32f1xx_ll_usb.o
 .debug_aranges
                0x00000980       0x90 Middlewares/ST/STM32_USB_Device_Library/Class/CDC/Src/usbd_cdc.o
 .debug_aranges
                0x00000a10       0xb8 Middlewares/ST/STM32_USB_Device_Library/Core/Src/usbd_core.o
 .debug_aranges
                0x00000ac8       0x88 Middlewares/ST/STM32_USB_Device_Library/Core/Src/usbd_ctlreq.o
 .debug_aranges
                0x00000b50       0x50 Middlewares/ST/STM32_USB_Device_Library/Core/Src/usbd_ioreq.o
 .debug_aranges
                0x00000ba0       0x48 Src/main.o
 .debug_aranges
                0x00000be8       0x48 Src/stm32f1xx_hal_msp.o
 .debug_aranges
                0x00000c30       0x70 Src/stm32f1xx_it.o
 .debug_aranges
                0x00000ca0       0x28 Src/system_stm32f1xx.o
 .debug_aranges
                0x00000cc8       0x20 Src/usb_device.o
 .debug_aranges
                0x00000ce8       0x40 Src/usbd_cdc_if.o
 .debug_aranges
                0x00000d28      0x110 Src/usbd_conf.o
 .debug_aranges
                0x00000e38       0x50 Src/usbd_desc.o
 .debug_aranges
                0x00000e88       0x28 startup/startup_stm32f103xb.o

.debug_ranges   0x00000000      0xef0
 .debug_ranges  0x00000000       0xc0 Drivers/STM32F1xx_HAL_Driver/Src/stm32f1xx_hal.o
 .debug_ranges  0x000000c0       0xe0 Drivers/STM32F1xx_HAL_Driver/Src/stm32f1xx_hal_cortex.o
 .debug_ranges  0x000001a0       0x48 Drivers/STM32F1xx_HAL_Driver/Src/stm32f1xx_hal_gpio.o
 .debug_ranges  0x000001e8      0x140 Drivers/STM32F1xx_HAL_Driver/Src/stm32f1xx_hal_pcd.o
 .debug_ranges  0x00000328       0x18 Drivers/STM32F1xx_HAL_Driver/Src/stm32f1xx_hal_pcd_ex.o
 .debug_ranges  0x00000340       0xa0 Drivers/STM32F1xx_HAL_Driver/Src/stm32f1xx_hal_rcc.o
 .debug_ranges  0x000003e0       0x38 Drivers/STM32F1xx_HAL_Driver/Src/stm32f1xx_hal_rcc_ex.o
 .debug_ranges  0x00000418       0x10 Drivers/STM32F1xx_HAL_Driver/Src/stm32f1xx_hal_spi_ex.o
 .debug_ranges  0x00000428      0x358 Drivers/STM32F1xx_HAL_Driver/Src/stm32f1xx_hal_tim.o
 .debug_ranges  0x00000780      0x128 Drivers/STM32F1xx_HAL_Driver/Src/stm32f1xx_hal_tim_ex.o
 .debug_ranges  0x000008a8      0x1e0 Drivers/STM32F1xx_HAL_Driver/Src/stm32f1xx_ll_usb.o
 .debug_ranges  0x00000a88       0x80 Middlewares/ST/STM32_USB_Device_Library/Class/CDC/Src/usbd_cdc.o
 .debug_ranges  0x00000b08       0xa8 Middlewares/ST/STM32_USB_Device_Library/Core/Src/usbd_core.o
 .debug_ranges  0x00000bb0       0x78 Middlewares/ST/STM32_USB_Device_Library/Core/Src/usbd_ctlreq.o
 .debug_ranges  0x00000c28       0x40 Middlewares/ST/STM32_USB_Device_Library/Core/Src/usbd_ioreq.o
 .debug_ranges  0x00000c68       0x38 Src/main.o
 .debug_ranges  0x00000ca0       0x38 Src/stm32f1xx_hal_msp.o
 .debug_ranges  0x00000cd8       0x60 Src/stm32f1xx_it.o
 .debug_ranges  0x00000d38       0x18 Src/system_stm32f1xx.o
 .debug_ranges  0x00000d50       0x10 Src/usb_device.o
 .debug_ranges  0x00000d60       0x30 Src/usbd_cdc_if.o
 .debug_ranges  0x00000d90      0x100 Src/usbd_conf.o
 .debug_ranges  0x00000e90       0x40 Src/usbd_desc.o
 .debug_ranges  0x00000ed0       0x20 startup/startup_stm32f103xb.o

.debug_macro    0x00000000    0x1861d
 .debug_macro   0x00000000      0x33b Drivers/STM32F1xx_HAL_Driver/Src/stm32f1xx_hal.o
 .debug_macro   0x0000033b      0xa60 Drivers/STM32F1xx_HAL_Driver/Src/stm32f1xx_hal.o
 .debug_macro   0x00000d9b       0x10 Drivers/STM32F1xx_HAL_Driver/Src/stm32f1xx_hal.o
 .debug_macro   0x00000dab      0x16f Drivers/STM32F1xx_HAL_Driver/Src/stm32f1xx_hal.o
 .debug_macro   0x00000f1a       0x2e Drivers/STM32F1xx_HAL_Driver/Src/stm32f1xx_hal.o
 .debug_macro   0x00000f48       0x22 Drivers/STM32F1xx_HAL_Driver/Src/stm32f1xx_hal.o
 .debug_macro   0x00000f6a       0x22 Drivers/STM32F1xx_HAL_Driver/Src/stm32f1xx_hal.o
 .debug_macro   0x00000f8c       0x8e Drivers/STM32F1xx_HAL_Driver/Src/stm32f1xx_hal.o
 .debug_macro   0x0000101a       0x51 Drivers/STM32F1xx_HAL_Driver/Src/stm32f1xx_hal.o
 .debug_macro   0x0000106b       0xef Drivers/STM32F1xx_HAL_Driver/Src/stm32f1xx_hal.o
 .debug_macro   0x0000115a       0x6a Drivers/STM32F1xx_HAL_Driver/Src/stm32f1xx_hal.o
 .debug_macro   0x000011c4      0x1df Drivers/STM32F1xx_HAL_Driver/Src/stm32f1xx_hal.o
 .debug_macro   0x000013a3       0x34 Drivers/STM32F1xx_HAL_Driver/Src/stm32f1xx_hal.o
 .debug_macro   0x000013d7       0x34 Drivers/STM32F1xx_HAL_Driver/Src/stm32f1xx_hal.o
 .debug_macro   0x0000140b      0xb8e Drivers/STM32F1xx_HAL_Driver/Src/stm32f1xx_hal.o
 .debug_macro   0x00001f99     0xe90a Drivers/STM32F1xx_HAL_Driver/Src/stm32f1xx_hal.o
 .debug_macro   0x000108a3       0x43 Drivers/STM32F1xx_HAL_Driver/Src/stm32f1xx_hal.o
 .debug_macro   0x000108e6       0x5e Drivers/STM32F1xx_HAL_Driver/Src/stm32f1xx_hal.o
 .debug_macro   0x00010944       0x18 Drivers/STM32F1xx_HAL_Driver/Src/stm32f1xx_hal.o
 .debug_macro   0x0001095c       0x35 Drivers/STM32F1xx_HAL_Driver/Src/stm32f1xx_hal.o
 .debug_macro   0x00010991       0x34 Drivers/STM32F1xx_HAL_Driver/Src/stm32f1xx_hal.o
 .debug_macro   0x000109c5       0x16 Drivers/STM32F1xx_HAL_Driver/Src/stm32f1xx_hal.o
 .debug_macro   0x000109db       0x97 Drivers/STM32F1xx_HAL_Driver/Src/stm32f1xx_hal.o
 .debug_macro   0x00010a72      0x330 Drivers/STM32F1xx_HAL_Driver/Src/stm32f1xx_hal.o
 .debug_macro   0x00010da2       0xfd Drivers/STM32F1xx_HAL_Driver/Src/stm32f1xx_hal.o
 .debug_macro   0x00010e9f       0x10 Drivers/STM32F1xx_HAL_Driver/Src/stm32f1xx_hal.o
 .debug_macro   0x00010eaf       0x58 Drivers/STM32F1xx_HAL_Driver/Src/stm32f1xx_hal.o
 .debug_macro   0x00010f07       0x1f Drivers/STM32F1xx_HAL_Driver/Src/stm32f1xx_hal.o
 .debug_macro   0x00010f26       0x43 Drivers/STM32F1xx_HAL_Driver/Src/stm32f1xx_hal.o
 .debug_macro   0x00010f69       0x20 Drivers/STM32F1xx_HAL_Driver/Src/stm32f1xx_hal.o
 .debug_macro   0x00010f89      0x18e Drivers/STM32F1xx_HAL_Driver/Src/stm32f1xx_hal.o
 .debug_macro   0x00011117       0x10 Drivers/STM32F1xx_HAL_Driver/Src/stm32f1xx_hal.o
 .debug_macro   0x00011127       0x1c Drivers/STM32F1xx_HAL_Driver/Src/stm32f1xx_hal.o
 .debug_macro   0x00011143       0x52 Drivers/STM32F1xx_HAL_Driver/Src/stm32f1xx_hal.o
 .debug_macro   0x00011195       0x40 Drivers/STM32F1xx_HAL_Driver/Src/stm32f1xx_hal.o
 .debug_macro   0x000111d5       0x10 Drivers/STM32F1xx_HAL_Driver/Src/stm32f1xx_hal.o
 .debug_macro   0x000111e5       0x40 Drivers/STM32F1xx_HAL_Driver/Src/stm32f1xx_hal.o
 .debug_macro   0x00011225       0xd7 Drivers/STM32F1xx_HAL_Driver/Src/stm32f1xx_hal.o
 .debug_macro   0x000112fc       0x1c Drivers/STM32F1xx_HAL_Driver/Src/stm32f1xx_hal.o
 .debug_macro   0x00011318       0x3d Drivers/STM32F1xx_HAL_Driver/Src/stm32f1xx_hal.o
 .debug_macro   0x00011355       0x16 Drivers/STM32F1xx_HAL_Driver/Src/stm32f1xx_hal.o
 .debug_macro   0x0001136b      0x16f Drivers/STM32F1xx_HAL_Driver/Src/stm32f1xx_hal.o
 .debug_macro   0x000114da       0x50 Drivers/STM32F1xx_HAL_Driver/Src/stm32f1xx_hal.o
 .debug_macro   0x0001152a      0x5c2 Drivers/STM32F1xx_HAL_Driver/Src/stm32f1xx_hal.o
 .debug_macro   0x00011aec      0x28a Drivers/STM32F1xx_HAL_Driver/Src/stm32f1xx_hal.o
 .debug_macro   0x00011d76      0x1cb Drivers/STM32F1xx_HAL_Driver/Src/stm32f1xx_hal.o
 .debug_macro   0x00011f41      0x11e Drivers/STM32F1xx_HAL_Driver/Src/stm32f1xx_hal.o
 .debug_macro   0x0001205f      0x1b3 Drivers/STM32F1xx_HAL_Driver/Src/stm32f1xx_hal.o
 .debug_macro   0x00012212       0x27 Drivers/STM32F1xx_HAL_Driver/Src/stm32f1xx_hal.o
 .debug_macro   0x00012239      0x1bc Drivers/STM32F1xx_HAL_Driver/Src/stm32f1xx_hal.o
 .debug_macro   0x000123f5       0x34 Drivers/STM32F1xx_HAL_Driver/Src/stm32f1xx_hal.o
 .debug_macro   0x00012429       0x3c Drivers/STM32F1xx_HAL_Driver/Src/stm32f1xx_hal.o
 .debug_macro   0x00012465       0x57 Drivers/STM32F1xx_HAL_Driver/Src/stm32f1xx_hal.o
 .debug_macro   0x000124bc       0x8c Drivers/STM32F1xx_HAL_Driver/Src/stm32f1xx_hal.o
 .debug_macro   0x00012548      0x242 Drivers/STM32F1xx_HAL_Driver/Src/stm32f1xx_hal.o
 .debug_macro   0x0001278a      0x143 Drivers/STM32F1xx_HAL_Driver/Src/stm32f1xx_hal.o
 .debug_macro   0x000128cd      0x1f4 Drivers/STM32F1xx_HAL_Driver/Src/stm32f1xx_hal.o
 .debug_macro   0x00012ac1      0x84c Drivers/STM32F1xx_HAL_Driver/Src/stm32f1xx_hal.o
 .debug_macro   0x0001330d       0x1f Drivers/STM32F1xx_HAL_Driver/Src/stm32f1xx_hal.o
 .debug_macro   0x0001332c       0x50 Drivers/STM32F1xx_HAL_Driver/Src/stm32f1xx_hal.o
 .debug_macro   0x0001337c      0x26c Drivers/STM32F1xx_HAL_Driver/Src/stm32f1xx_hal.o
 .debug_macro   0x000135e8       0x83 Drivers/STM32F1xx_HAL_Driver/Src/stm32f1xx_hal.o
 .debug_macro   0x0001366b      0x317 Drivers/STM32F1xx_HAL_Driver/Src/stm32f1xx_hal_cortex.o
 .debug_macro   0x00013982      0x387 Drivers/STM32F1xx_HAL_Driver/Src/stm32f1xx_hal_gpio.o
 .debug_macro   0x00013d09      0x323 Drivers/STM32F1xx_HAL_Driver/Src/stm32f1xx_hal_pcd.o
 .debug_macro   0x0001402c      0x317 Drivers/STM32F1xx_HAL_Driver/Src/stm32f1xx_hal_pcd_ex.o
 .debug_macro   0x00014343      0x329 Drivers/STM32F1xx_HAL_Driver/Src/stm32f1xx_hal_rcc.o
 .debug_macro   0x0001466c      0x317 Drivers/STM32F1xx_HAL_Driver/Src/stm32f1xx_hal_rcc_ex.o
 .debug_macro   0x00014983      0x317 Drivers/STM32F1xx_HAL_Driver/Src/stm32f1xx_hal_spi_ex.o
 .debug_macro   0x00014c9a      0x317 Drivers/STM32F1xx_HAL_Driver/Src/stm32f1xx_hal_tim.o
 .debug_macro   0x00014fb1      0x317 Drivers/STM32F1xx_HAL_Driver/Src/stm32f1xx_hal_tim_ex.o
 .debug_macro   0x000152c8      0x317 Drivers/STM32F1xx_HAL_Driver/Src/stm32f1xx_ll_usb.o
 .debug_macro   0x000155df      0x3d7 Middlewares/ST/STM32_USB_Device_Library/Class/CDC/Src/usbd_cdc.o
 .debug_macro   0x000159b6       0x58 Middlewares/ST/STM32_USB_Device_Library/Class/CDC/Src/usbd_cdc.o
 .debug_macro   0x00015a0e       0x94 Middlewares/ST/STM32_USB_Device_Library/Class/CDC/Src/usbd_cdc.o
 .debug_macro   0x00015aa2       0x57 Middlewares/ST/STM32_USB_Device_Library/Class/CDC/Src/usbd_cdc.o
 .debug_macro   0x00015af9       0x16 Middlewares/ST/STM32_USB_Device_Library/Class/CDC/Src/usbd_cdc.o
 .debug_macro   0x00015b0f       0x35 Middlewares/ST/STM32_USB_Device_Library/Class/CDC/Src/usbd_cdc.o
 .debug_macro   0x00015b44       0x16 Middlewares/ST/STM32_USB_Device_Library/Class/CDC/Src/usbd_cdc.o
 .debug_macro   0x00015b5a       0x29 Middlewares/ST/STM32_USB_Device_Library/Class/CDC/Src/usbd_cdc.o
 .debug_macro   0x00015b83       0x16 Middlewares/ST/STM32_USB_Device_Library/Class/CDC/Src/usbd_cdc.o
 .debug_macro   0x00015b99       0x6a Middlewares/ST/STM32_USB_Device_Library/Class/CDC/Src/usbd_cdc.o
 .debug_macro   0x00015c03      0x1c3 Middlewares/ST/STM32_USB_Device_Library/Class/CDC/Src/usbd_cdc.o
 .debug_macro   0x00015dc6       0x83 Middlewares/ST/STM32_USB_Device_Library/Class/CDC/Src/usbd_cdc.o
 .debug_macro   0x00015e49      0x3be Middlewares/ST/STM32_USB_Device_Library/Core/Src/usbd_core.o
 .debug_macro   0x00016207      0x3be Middlewares/ST/STM32_USB_Device_Library/Core/Src/usbd_ctlreq.o
 .debug_macro   0x000165c5      0x3ba Middlewares/ST/STM32_USB_Device_Library/Core/Src/usbd_ioreq.o
 .debug_macro   0x0001697f      0x3a6 Src/main.o
 .debug_macro   0x00016d25      0x317 Src/stm32f1xx_hal_msp.o
 .debug_macro   0x0001703c      0x321 Src/stm32f1xx_it.o
 .debug_macro   0x0001735d      0x31d Src/system_stm32f1xx.o
 .debug_macro   0x0001767a      0x3f5 Src/usb_device.o
 .debug_macro   0x00017a6f      0x3df Src/usbd_cdc_if.o
 .debug_macro   0x00017e4e      0x3d7 Src/usbd_conf.o
 .debug_macro   0x00018225      0x3f8 Src/usbd_desc.o

.debug_line     0x00000000     0xe4b9
 .debug_line    0x00000000      0x8f4 Drivers/STM32F1xx_HAL_Driver/Src/stm32f1xx_hal.o
 .debug_line    0x000008f4      0x90c Drivers/STM32F1xx_HAL_Driver/Src/stm32f1xx_hal_cortex.o
 .debug_line    0x00001200      0x8f1 Drivers/STM32F1xx_HAL_Driver/Src/stm32f1xx_hal_gpio.o
 .debug_line    0x00001af1      0xc21 Drivers/STM32F1xx_HAL_Driver/Src/stm32f1xx_hal_pcd.o
 .debug_line    0x00002712      0x770 Drivers/STM32F1xx_HAL_Driver/Src/stm32f1xx_hal_pcd_ex.o
 .debug_line    0x00002e82      0xa0e Drivers/STM32F1xx_HAL_Driver/Src/stm32f1xx_hal_rcc.o
 .debug_line    0x00003890      0x7fa Drivers/STM32F1xx_HAL_Driver/Src/stm32f1xx_hal_rcc_ex.o
 .debug_line    0x0000408a      0x76d Drivers/STM32F1xx_HAL_Driver/Src/stm32f1xx_hal_spi_ex.o
 .debug_line    0x000047f7     0x1709 Drivers/STM32F1xx_HAL_Driver/Src/stm32f1xx_hal_tim.o
 .debug_line    0x00005f00      0xcc3 Drivers/STM32F1xx_HAL_Driver/Src/stm32f1xx_hal_tim_ex.o
 .debug_line    0x00006bc3      0xb6b Drivers/STM32F1xx_HAL_Driver/Src/stm32f1xx_ll_usb.o
 .debug_line    0x0000772e      0xa3c Middlewares/ST/STM32_USB_Device_Library/Class/CDC/Src/usbd_cdc.o
 .debug_line    0x0000816a      0xa41 Middlewares/ST/STM32_USB_Device_Library/Core/Src/usbd_core.o
 .debug_line    0x00008bab      0xa5f Middlewares/ST/STM32_USB_Device_Library/Core/Src/usbd_ctlreq.o
 .debug_line    0x0000960a      0x8c4 Middlewares/ST/STM32_USB_Device_Library/Core/Src/usbd_ioreq.o
 .debug_line    0x00009ece      0x8c5 Src/main.o
 .debug_line    0x0000a793      0x7c7 Src/stm32f1xx_hal_msp.o
 .debug_line    0x0000af5a      0x7e8 Src/stm32f1xx_it.o
 .debug_line    0x0000b742      0x771 Src/system_stm32f1xx.o
 .debug_line    0x0000beb3      0x8bd Src/usb_device.o
 .debug_line    0x0000c770      0x8f2 Src/usbd_cdc_if.o
 .debug_line    0x0000d062      0xb2d Src/usbd_conf.o
 .debug_line    0x0000db8f      0x8ad Src/usbd_desc.o
 .debug_line    0x0000e43c       0x7d startup/startup_stm32f103xb.o

.debug_str      0x00000000    0x751e7
 .debug_str     0x00000000    0x708cd Drivers/STM32F1xx_HAL_Driver/Src/stm32f1xx_hal.o
                              0x70ca4 (size before relaxing)
 .debug_str     0x000708cd      0x2e1 Drivers/STM32F1xx_HAL_Driver/Src/stm32f1xx_hal_cortex.o
                              0x70bf9 (size before relaxing)
 .debug_str     0x00070bae      0x3a3 Drivers/STM32F1xx_HAL_Driver/Src/stm32f1xx_hal_gpio.o
                              0x70940 (size before relaxing)
 .debug_str     0x00070f51      0x811 Drivers/STM32F1xx_HAL_Driver/Src/stm32f1xx_hal_pcd.o
                              0x70dae (size before relaxing)
 .debug_str     0x00071762       0x57 Drivers/STM32F1xx_HAL_Driver/Src/stm32f1xx_hal_pcd_ex.o
                              0x7088b (size before relaxing)
 .debug_str     0x000717b9      0x368 Drivers/STM32F1xx_HAL_Driver/Src/stm32f1xx_hal_rcc.o
                              0x70995 (size before relaxing)
 .debug_str     0x00071b21      0x12b Drivers/STM32F1xx_HAL_Driver/Src/stm32f1xx_hal_rcc_ex.o
                              0x70721 (size before relaxing)
 .debug_str     0x00071c4c      0x37a Drivers/STM32F1xx_HAL_Driver/Src/stm32f1xx_hal_spi_ex.o
                              0x70921 (size before relaxing)
 .debug_str     0x00071fc6      0xf29 Drivers/STM32F1xx_HAL_Driver/Src/stm32f1xx_hal_tim.o
                              0x71695 (size before relaxing)
 .debug_str     0x00072eef      0x4f1 Drivers/STM32F1xx_HAL_Driver/Src/stm32f1xx_hal_tim_ex.o
                              0x70f37 (size before relaxing)
 .debug_str     0x000733e0      0x155 Drivers/STM32F1xx_HAL_Driver/Src/stm32f1xx_ll_usb.o
                              0x70a5e (size before relaxing)
 .debug_str     0x00073535     0x12b3 Middlewares/ST/STM32_USB_Device_Library/Class/CDC/Src/usbd_cdc.o
                              0x718e1 (size before relaxing)
 .debug_str     0x000747e8      0x294 Middlewares/ST/STM32_USB_Device_Library/Core/Src/usbd_core.o
                              0x715a2 (size before relaxing)
 .debug_str     0x00074a7c      0x12e Middlewares/ST/STM32_USB_Device_Library/Core/Src/usbd_ctlreq.o
                              0x714bc (size before relaxing)
 .debug_str     0x00074baa       0x51 Middlewares/ST/STM32_USB_Device_Library/Core/Src/usbd_ioreq.o
                              0x713e9 (size before relaxing)
 .debug_str     0x00074bfb       0xf9 Src/main.o
                              0x720a1 (size before relaxing)
 .debug_str     0x00074cf4       0x37 Src/stm32f1xx_hal_msp.o
                              0x70f07 (size before relaxing)
 .debug_str     0x00074d2b       0xd4 Src/stm32f1xx_it.o
                              0x70c7b (size before relaxing)
 .debug_str     0x00074dff       0x69 Src/system_stm32f1xx.o
                              0x705eb (size before relaxing)
 .debug_str     0x00074e68       0x3e Src/usb_device.o
                              0x71659 (size before relaxing)
 .debug_str     0x00074ea6       0xa0 Src/usbd_cdc_if.o
                              0x71770 (size before relaxing)
 .debug_str     0x00074f46       0x51 Src/usbd_conf.o
                              0x72122 (size before relaxing)
 .debug_str     0x00074f97      0x221 Src/usbd_desc.o
                              0x71282 (size before relaxing)
 .debug_str     0x000751b8       0x2f startup/startup_stm32f103xb.o
                                 0x58 (size before relaxing)

.comment        0x00000000       0x7f
 .comment       0x00000000       0x7f Drivers/STM32F1xx_HAL_Driver/Src/stm32f1xx_hal.o
                                 0x80 (size before relaxing)
 .comment       0x0000007f       0x80 Drivers/STM32F1xx_HAL_Driver/Src/stm32f1xx_hal_cortex.o
 .comment       0x0000007f       0x80 Drivers/STM32F1xx_HAL_Driver/Src/stm32f1xx_hal_gpio.o
 .comment       0x0000007f       0x80 Drivers/STM32F1xx_HAL_Driver/Src/stm32f1xx_hal_pcd.o
 .comment       0x0000007f       0x80 Drivers/STM32F1xx_HAL_Driver/Src/stm32f1xx_hal_pcd_ex.o
 .comment       0x0000007f       0x80 Drivers/STM32F1xx_HAL_Driver/Src/stm32f1xx_hal_rcc.o
 .comment       0x0000007f       0x80 Drivers/STM32F1xx_HAL_Driver/Src/stm32f1xx_hal_rcc_ex.o
 .comment       0x0000007f       0x80 Drivers/STM32F1xx_HAL_Driver/Src/stm32f1xx_hal_spi_ex.o
 .comment       0x0000007f       0x80 Drivers/STM32F1xx_HAL_Driver/Src/stm32f1xx_hal_tim.o
 .comment       0x0000007f       0x80 Drivers/STM32F1xx_HAL_Driver/Src/stm32f1xx_hal_tim_ex.o
 .comment       0x0000007f       0x80 Drivers/STM32F1xx_HAL_Driver/Src/stm32f1xx_ll_usb.o
 .comment       0x0000007f       0x80 Middlewares/ST/STM32_USB_Device_Library/Class/CDC/Src/usbd_cdc.o
 .comment       0x0000007f       0x80 Middlewares/ST/STM32_USB_Device_Library/Core/Src/usbd_core.o
 .comment       0x0000007f       0x80 Middlewares/ST/STM32_USB_Device_Library/Core/Src/usbd_ctlreq.o
 .comment       0x0000007f       0x80 Middlewares/ST/STM32_USB_Device_Library/Core/Src/usbd_ioreq.o
 .comment       0x0000007f       0x80 Src/main.o
 .comment       0x0000007f       0x80 Src/stm32f1xx_hal_msp.o
 .comment       0x0000007f       0x80 Src/stm32f1xx_it.o
 .comment       0x0000007f       0x80 Src/system_stm32f1xx.o
 .comment       0x0000007f       0x80 Src/usb_device.o
 .comment       0x0000007f       0x80 Src/usbd_cdc_if.o
 .comment       0x0000007f       0x80 Src/usbd_conf.o
 .comment       0x0000007f       0x80 Src/usbd_desc.o

.debug_frame    0x00000000     0x247c
 .debug_frame   0x00000000      0x1ac Drivers/STM32F1xx_HAL_Driver/Src/stm32f1xx_hal.o
 .debug_frame   0x000001ac      0x12c Drivers/STM32F1xx_HAL_Driver/Src/stm32f1xx_hal_cortex.o
 .debug_frame   0x000002d8       0xd4 Drivers/STM32F1xx_HAL_Driver/Src/stm32f1xx_hal_gpio.o
 .debug_frame   0x000003ac      0x300 Drivers/STM32F1xx_HAL_Driver/Src/stm32f1xx_hal_pcd.o
 .debug_frame   0x000006ac       0x30 Drivers/STM32F1xx_HAL_Driver/Src/stm32f1xx_hal_pcd_ex.o
 .debug_frame   0x000006dc      0x174 Drivers/STM32F1xx_HAL_Driver/Src/stm32f1xx_hal_rcc.o
 .debug_frame   0x00000850       0x6c Drivers/STM32F1xx_HAL_Driver/Src/stm32f1xx_hal_rcc_ex.o
 .debug_frame   0x000008bc       0x2c Drivers/STM32F1xx_HAL_Driver/Src/stm32f1xx_hal_spi_ex.o
 .debug_frame   0x000008e8      0x9e0 Drivers/STM32F1xx_HAL_Driver/Src/stm32f1xx_hal_tim.o
 .debug_frame   0x000012c8      0x374 Drivers/STM32F1xx_HAL_Driver/Src/stm32f1xx_hal_tim_ex.o
 .debug_frame   0x0000163c      0x23c Drivers/STM32F1xx_HAL_Driver/Src/stm32f1xx_ll_usb.o
 .debug_frame   0x00001878      0x14c Middlewares/ST/STM32_USB_Device_Library/Class/CDC/Src/usbd_cdc.o
 .debug_frame   0x000019c4      0x1bc Middlewares/ST/STM32_USB_Device_Library/Core/Src/usbd_core.o
 .debug_frame   0x00001b80      0x17c Middlewares/ST/STM32_USB_Device_Library/Core/Src/usbd_ctlreq.o
 .debug_frame   0x00001cfc       0xb8 Middlewares/ST/STM32_USB_Device_Library/Core/Src/usbd_ioreq.o
 .debug_frame   0x00001db4       0xb4 Src/main.o
 .debug_frame   0x00001e68       0xbc Src/stm32f1xx_hal_msp.o
 .debug_frame   0x00001f24       0xd8 Src/stm32f1xx_it.o
 .debug_frame   0x00001ffc       0x30 Src/system_stm32f1xx.o
 .debug_frame   0x0000202c       0x28 Src/usb_device.o
 .debug_frame   0x00002054       0x78 Src/usbd_cdc_if.o
 .debug_frame   0x000020cc      0x2dc Src/usbd_conf.o
 .debug_frame   0x000023a8       0xa8 Src/usbd_desc.o
 .debug_frame   0x00002450       0x2c c:/ac6/systemworkbench/plugins/fr.ac6.mcu.externaltools.arm-none.win32_1.17.0.201812190825/tools/compiler/bin/../lib/gcc/arm-none-eabi/7.3.1/../../../../arm-none-eabi/lib/thumb/v7-m\libc_nano.a(lib_a-init.o)
